Archive member included to satisfy reference by file (symbol)

C:/ST/STM32CubeIDE_1.17.0/STM32CubeIDE/plugins/com.st.stm32cube.ide.mcu.externaltools.gnu-tools-for-stm32.12.3.rel1.win32_1.1.0.202410251130/tools/bin/../lib/gcc/arm-none-eabi/12.3.1/../../../../arm-none-eabi/lib/thumb/v7-m/nofp\libc_nano.a(libc_a-exit.o)
                              C:/ST/STM32CubeIDE_1.17.0/STM32CubeIDE/plugins/com.st.stm32cube.ide.mcu.externaltools.gnu-tools-for-stm32.12.3.rel1.win32_1.1.0.202410251130/tools/bin/../lib/gcc/arm-none-eabi/12.3.1/../../../../arm-none-eabi/lib/thumb/v7-m/nofp/crt0.o (exit)
C:/ST/STM32CubeIDE_1.17.0/STM32CubeIDE/plugins/com.st.stm32cube.ide.mcu.externaltools.gnu-tools-for-stm32.12.3.rel1.win32_1.1.0.202410251130/tools/bin/../lib/gcc/arm-none-eabi/12.3.1/../../../../arm-none-eabi/lib/thumb/v7-m/nofp\libc_nano.a(libc_a-findfp.o)
                              C:/ST/STM32CubeIDE_1.17.0/STM32CubeIDE/plugins/com.st.stm32cube.ide.mcu.externaltools.gnu-tools-for-stm32.12.3.rel1.win32_1.1.0.202410251130/tools/bin/../lib/gcc/arm-none-eabi/12.3.1/../../../../arm-none-eabi/lib/thumb/v7-m/nofp\libc_nano.a(libc_a-exit.o) (__stdio_exit_handler)
C:/ST/STM32CubeIDE_1.17.0/STM32CubeIDE/plugins/com.st.stm32cube.ide.mcu.externaltools.gnu-tools-for-stm32.12.3.rel1.win32_1.1.0.202410251130/tools/bin/../lib/gcc/arm-none-eabi/12.3.1/../../../../arm-none-eabi/lib/thumb/v7-m/nofp\libc_nano.a(libc_a-fwalk.o)
                              C:/ST/STM32CubeIDE_1.17.0/STM32CubeIDE/plugins/com.st.stm32cube.ide.mcu.externaltools.gnu-tools-for-stm32.12.3.rel1.win32_1.1.0.202410251130/tools/bin/../lib/gcc/arm-none-eabi/12.3.1/../../../../arm-none-eabi/lib/thumb/v7-m/nofp\libc_nano.a(libc_a-findfp.o) (_fwalk_sglue)
C:/ST/STM32CubeIDE_1.17.0/STM32CubeIDE/plugins/com.st.stm32cube.ide.mcu.externaltools.gnu-tools-for-stm32.12.3.rel1.win32_1.1.0.202410251130/tools/bin/../lib/gcc/arm-none-eabi/12.3.1/../../../../arm-none-eabi/lib/thumb/v7-m/nofp\libc_nano.a(libc_a-sprintf.o)
                              ./Core/Src/main.o (sprintf)
C:/ST/STM32CubeIDE_1.17.0/STM32CubeIDE/plugins/com.st.stm32cube.ide.mcu.externaltools.gnu-tools-for-stm32.12.3.rel1.win32_1.1.0.202410251130/tools/bin/../lib/gcc/arm-none-eabi/12.3.1/../../../../arm-none-eabi/lib/thumb/v7-m/nofp\libc_nano.a(libc_a-stdio.o)
                              C:/ST/STM32CubeIDE_1.17.0/STM32CubeIDE/plugins/com.st.stm32cube.ide.mcu.externaltools.gnu-tools-for-stm32.12.3.rel1.win32_1.1.0.202410251130/tools/bin/../lib/gcc/arm-none-eabi/12.3.1/../../../../arm-none-eabi/lib/thumb/v7-m/nofp\libc_nano.a(libc_a-findfp.o) (__sread)
C:/ST/STM32CubeIDE_1.17.0/STM32CubeIDE/plugins/com.st.stm32cube.ide.mcu.externaltools.gnu-tools-for-stm32.12.3.rel1.win32_1.1.0.202410251130/tools/bin/../lib/gcc/arm-none-eabi/12.3.1/../../../../arm-none-eabi/lib/thumb/v7-m/nofp\libc_nano.a(libc_a-memset.o)
                              C:/ST/STM32CubeIDE_1.17.0/STM32CubeIDE/plugins/com.st.stm32cube.ide.mcu.externaltools.gnu-tools-for-stm32.12.3.rel1.win32_1.1.0.202410251130/tools/bin/../lib/gcc/arm-none-eabi/12.3.1/../../../../arm-none-eabi/lib/thumb/v7-m/nofp/crt0.o (memset)
C:/ST/STM32CubeIDE_1.17.0/STM32CubeIDE/plugins/com.st.stm32cube.ide.mcu.externaltools.gnu-tools-for-stm32.12.3.rel1.win32_1.1.0.202410251130/tools/bin/../lib/gcc/arm-none-eabi/12.3.1/../../../../arm-none-eabi/lib/thumb/v7-m/nofp\libc_nano.a(libc_a-closer.o)
                              C:/ST/STM32CubeIDE_1.17.0/STM32CubeIDE/plugins/com.st.stm32cube.ide.mcu.externaltools.gnu-tools-for-stm32.12.3.rel1.win32_1.1.0.202410251130/tools/bin/../lib/gcc/arm-none-eabi/12.3.1/../../../../arm-none-eabi/lib/thumb/v7-m/nofp\libc_nano.a(libc_a-stdio.o) (_close_r)
C:/ST/STM32CubeIDE_1.17.0/STM32CubeIDE/plugins/com.st.stm32cube.ide.mcu.externaltools.gnu-tools-for-stm32.12.3.rel1.win32_1.1.0.202410251130/tools/bin/../lib/gcc/arm-none-eabi/12.3.1/../../../../arm-none-eabi/lib/thumb/v7-m/nofp\libc_nano.a(libc_a-reent.o)
                              C:/ST/STM32CubeIDE_1.17.0/STM32CubeIDE/plugins/com.st.stm32cube.ide.mcu.externaltools.gnu-tools-for-stm32.12.3.rel1.win32_1.1.0.202410251130/tools/bin/../lib/gcc/arm-none-eabi/12.3.1/../../../../arm-none-eabi/lib/thumb/v7-m/nofp\libc_nano.a(libc_a-closer.o) (errno)
C:/ST/STM32CubeIDE_1.17.0/STM32CubeIDE/plugins/com.st.stm32cube.ide.mcu.externaltools.gnu-tools-for-stm32.12.3.rel1.win32_1.1.0.202410251130/tools/bin/../lib/gcc/arm-none-eabi/12.3.1/../../../../arm-none-eabi/lib/thumb/v7-m/nofp\libc_nano.a(libc_a-impure.o)
                              C:/ST/STM32CubeIDE_1.17.0/STM32CubeIDE/plugins/com.st.stm32cube.ide.mcu.externaltools.gnu-tools-for-stm32.12.3.rel1.win32_1.1.0.202410251130/tools/bin/../lib/gcc/arm-none-eabi/12.3.1/../../../../arm-none-eabi/lib/thumb/v7-m/nofp\libc_nano.a(libc_a-sprintf.o) (_impure_ptr)
[...]
Memory Configuration

Name             Origin             Length             Attributes
RAM              0x20000000         0x00005000         xrw
FLASH            0x08000000         0x00010000         xr
*default*        0x00000000         0xffffffff

Linker script and memory map

LOAD C:/ST/STM32CubeIDE_1.17.0/STM32CubeIDE/plugins/com.st.stm32cube.ide.mcu.externaltools.gnu-tools-for-stm32.12.3.rel1.win32_1.1.0.202410251130/tools/bin/../lib/gcc/arm-none-eabi/12.3.1/thumb/v7-m/nofp/crti.o
LOAD C:/ST/STM32CubeIDE_1.17.0/STM32CubeIDE/plugins/com.st.stm32cube.ide.mcu.externaltools.gnu-tools-for-stm32.12.3.rel1.win32_1.1.0.202410251130/tools/bin/../lib/gcc/arm-none-eabi/12.3.1/thumb/v7-m/nofp/crtbegin.o
LOAD C:/ST/STM32CubeIDE_1.17.0/STM32CubeIDE/plugins/com.st.stm32cube.ide.mcu.externaltools.gnu-tools-for-stm32.12.3.rel1.win32_1.1.0.202410251130/tools/bin/../lib/gcc/arm-none-eabi/12.3.1/../../../../arm-none-eabi/lib/thumb/v7-m/nofp/crt0.o
LOAD ./Core/Src/main.o
LOAD ./Core/Src/stm32f1xx_hal_msp.o
LOAD ./Core/Src/stm32f1xx_it.o
LOAD ./Core/Src/syscalls.o
LOAD ./Core/Src/sysmem.o
LOAD ./Core/Src/system_stm32f1xx.o
LOAD ./Core/Startup/startup_stm32f103c8tx.o
LOAD ./Drivers/STM32F1xx_HAL_Driver/Src/stm32f1xx_hal.o
LOAD ./Drivers/STM32F1xx_HAL_Driver/Src/stm32f1xx_hal_adc.o
LOAD ./Drivers/STM32F1xx_HAL_Driver/Src/stm32f1xx_hal_adc_ex.o
LOAD ./Drivers/STM32F1xx_HAL_Driver/Src/stm32f1xx_hal_cortex.o
LOAD ./Drivers/STM32F1xx_HAL_Driver/Src/stm32f1xx_hal_dma.o
LOAD ./Drivers/STM32F1xx_HAL_Driver/Src/stm32f1xx_hal_exti.o
LOAD ./Drivers/STM32F1xx_HAL_Driver/Src/stm32f1xx_hal_flash.o
LOAD ./Drivers/STM32F1xx_HAL_Driver/Src/stm32f1xx_hal_flash_ex.o
LOAD ./Drivers/STM32F1xx_HAL_Driver/Src/stm32f1xx_hal_gpio.o
LOAD ./Drivers/STM32F1xx_HAL_Driver/Src/stm32f1xx_hal_gpio_ex.o
LOAD ./Drivers/STM32F1xx_HAL_Driver/Src/stm32f1xx_hal_i2c.o
LOAD ./Drivers/STM32F1xx_HAL_Driver/Src/stm32f1xx_hal_pwr.o
LOAD ./Drivers/STM32F1xx_HAL_Driver/Src/stm32f1xx_hal_rcc.o
LOAD ./Drivers/STM32F1xx_HAL_Driver/Src/stm32f1xx_hal_rcc_ex.o
LOAD ./Drivers/STM32F1xx_HAL_Driver/Src/stm32f1xx_hal_tim.o
LOAD ./Drivers/STM32F1xx_HAL_Driver/Src/stm32f1xx_hal_tim_ex.o
LOAD ./Drivers/STM32F1xx_HAL_Driver/Src/stm32f1xx_hal_uart.o
START GROUP
LOAD C:/ST/STM32CubeIDE_1.17.0/STM32CubeIDE/plugins/com.st.stm32cube.ide.mcu.externaltools.gnu-tools-for-stm32.12.3.rel1.win32_1.1.0.202410251130/tools/bin/../lib/gcc/arm-none-eabi/12.3.1/../../../../arm-none-eabi/lib/thumb/v7-m/nofp\libc_nano.a
LOAD C:/ST/STM32CubeIDE_1.17.0/STM32CubeIDE/plugins/com.st.stm32cube.ide.mcu.externaltools.gnu-tools-for-stm32.12.3.rel1.win32_1.1.0.202410251130/tools/bin/../lib/gcc/arm-none-eabi/12.3.1/../../../../arm-none-eabi/lib/thumb/v7-m/nofp\libm.a
END GROUP
START GROUP
LOAD C:/ST/STM32CubeIDE_1.17.0/STM32CubeIDE/plugins/com.st.stm32cube.ide.mcu.externaltools.gnu-tools-for-stm32.12.3.rel1.win32_1.1.0.202410251130/tools/bin/../lib/gcc/arm-none-eabi/12.3.1/thumb/v7-m/nofp\libgcc.a
LOAD C:/ST/STM32CubeIDE_1.17.0/STM32CubeIDE/plugins/com.st.stm32cube.ide.mcu.externaltools.gnu-tools-for-stm32.12.3.rel1.win32_1.1.0.202410251130/tools/bin/../lib/gcc/arm-none-eabi/12.3.1/../../../../arm-none-eabi/lib/thumb/v7-m/nofp\libc_nano.a
END GROUP
START GROUP
LOAD C:/ST/STM32CubeIDE_1.17.0/STM32CubeIDE/plugins/com.st.stm32cube.ide.mcu.externaltools.gnu-tools-for-stm32.12.3.rel1.win32_1.1.0.202410251130/tools/bin/../lib/gcc/arm-none-eabi/12.3.1/thumb/v7-m/nofp\libgcc.a
LOAD C:/ST/STM32CubeIDE_1.17.0/STM32CubeIDE/plugins/com.st.stm32cube.ide.mcu.externaltools.gnu-tools-for-stm32.12.3.rel1.win32_1.1.0.202410251130/tools/bin/../lib/gcc/arm-none-eabi/12.3.1/../../../../arm-none-eabi/lib/thumb/v7-m/nofp\libc_nano.a
LOAD C:/ST/STM32CubeIDE_1.17.0/STM32CubeIDE/plugins/com.st.stm32cube.ide.mcu.externaltools.gnu-tools-for-stm32.12.3.rel1.win32_1.1.0.202410251130/tools/bin/../lib/gcc/arm-none-eabi/12.3.1/../../../../arm-none-eabi/lib/thumb/v7-m/nofp\libnosys.a
END GROUP
START GROUP
LOAD C:/ST/STM32CubeIDE_1.17.0/STM32CubeIDE/plugins/com.st.stm32cube.ide.mcu.externaltools.gnu-tools-for-stm32.12.3.rel1.win32_1.1.0.202410251130/tools/bin/../lib/gcc/arm-none-eabi/12.3.1/thumb/v7-m/nofp\libgcc.a
LOAD C:/ST/STM32CubeIDE_1.17.0/STM32CubeIDE/plugins/com.st.stm32cube.ide.mcu.externaltools.gnu-tools-for-stm32.12.3.rel1.win32_1.1.0.202410251130/tools/bin/../lib/gcc/arm-none-eabi/12.3.1/../../../../arm-none-eabi/lib/thumb/v7-m/nofp\libc_nano.a
LOAD C:/ST/STM32CubeIDE_1.17.0/STM32CubeIDE/plugins/com.st.stm32cube.ide.mcu.externaltools.gnu-tools-for-stm32.12.3.rel1.win32_1.1.0.202410251130/tools/bin/../lib/gcc/arm-none-eabi/12.3.1/../../../../arm-none-eabi/lib/thumb/v7-m/nofp\libnosys.a
END GROUP
LOAD C:/ST/STM32CubeIDE_1.17.0/STM32CubeIDE/plugins/com.st.stm32cube.ide.mcu.externaltools.gnu-tools-for-stm32.12.3.rel1.win32_1.1.0.202410251130/tools/bin/../lib/gcc/arm-none-eabi/12.3.1/thumb/v7-m/nofp/crtend.o
LOAD C:/ST/STM32CubeIDE_1.17.0/STM32CubeIDE/plugins/com.st.stm32cube.ide.mcu.externaltools.gnu-tools-for-stm32.12.3.rel1.win32_1.1.0.202410251130/tools/bin/../lib/gcc/arm-none-eabi/12.3.1/thumb/v7-m/nofp/crtn.o
                0x20005000                        _estack = (ORIGIN (RAM) + LENGTH (RAM))
                0x00000200                        _Min_Heap_Size = 0x200
                0x00000400                        _Min_Stack_Size = 0x400

.isr_vector     0x08000000      0x10c
                0x08000000                        . = ALIGN (0x4)
 *(.isr_vector)
 .isr_vector    0x08000000      0x10c ./Core/Startup/startup_stm32f103c8tx.o
                0x08000000                g_pfnVectors
                0x0800010c                        . = ALIGN (0x4)

.text           0x0800010c     0x80a0
                0x0800010c                        . = ALIGN (0x4)
 *(.text)
 .text          0x0800010c       0x40 C:/ST/STM32CubeIDE_1.17.0/STM32CubeIDE/plugins/com.st.stm32cube.ide.mcu.externaltools.gnu-tools-for-stm32.12.3.rel1.win32_1.1.0.202410251130/tools/bin/../lib/gcc/arm-none-eabi/12.3.1/thumb/v7-m/nofp/crtbegin.o
 .text          0x0800014c      0x378 C:/ST/STM32CubeIDE_1.17.0/STM32CubeIDE/plugins/com.st.stm32cube.ide.mcu.externaltools.gnu-tools-for-stm32.12.3.rel1.win32_1.1.0.202410251130/tools/bin/../lib/gcc/arm-none-eabi/12.3.1/thumb/v7-m/nofp\libgcc.a(_arm_addsubdf3.o)
                0x0800014c                __aeabi_drsub
                0x08000154                __aeabi_dsub
                0x08000154                __subdf3
                0x08000158                __aeabi_dadd
                0x08000158                __adddf3
                0x080003d0                __floatunsidf
                0x080003d0                __aeabi_ui2d
                0x080003f0                __floatsidf
                0x080003f0                __aeabi_i2d
                0x08000414                __aeabi_f2d
                0x08000414                __extendsfdf2
                0x08000458                __floatundidf
                0x08000458                __aeabi_ul2d
                0x08000468                __floatdidf
                0x08000468                __aeabi_l2d
 .text          0x080004c4      0x424 C:/ST/STM32CubeIDE_1.17.0/STM32CubeIDE/plugins/com.st.stm32cube.ide.mcu.externaltools.gnu-tools-for-stm32.12.3.rel1.win32_1.1.0.202410251130/tools/bin/../lib/gcc/arm-none-eabi/12.3.1/thumb/v7-m/nofp\libgcc.a(_arm_muldivdf3.o)
                0x080004c4                __aeabi_dmul
                0x080004c4                __muldf3
                0x08000718                __divdf3
                0x08000718                __aeabi_ddiv
 .text          0x080008e8      0x110 C:/ST/STM32CubeIDE_1.17.0/STM32CubeIDE/plugins/com.st.stm32cube.ide.mcu.externaltools.gnu-tools-for-stm32.12.3.rel1.win32_1.1.0.202410251130/tools/bin/../lib/gcc/arm-none-eabi/12.3.1/thumb/v7-m/nofp\libgcc.a(_arm_cmpdf2.o)
                0x080008e8                __gtdf2
                0x080008e8                __gedf2
                0x080008f0                __ltdf2
                0x080008f0                __ledf2
                0x080008f8                __nedf2
                0x080008f8                __eqdf2
                0x080008f8                __cmpdf2
                0x08000974                __aeabi_cdrcmple
                0x08000984                __aeabi_cdcmpeq
                0x08000984                __aeabi_cdcmple
                0x08000994                __aeabi_dcmpeq
                0x080009a8                __aeabi_dcmplt
                0x080009bc                __aeabi_dcmple
                0x080009d0                __aeabi_dcmpge
                0x080009e4                __aeabi_dcmpgt
 .text          0x080009f8       0x50 C:/ST/STM32CubeIDE_1.17.0/STM32CubeIDE/plugins/com.st.stm32cube.ide.mcu.externaltools.gnu-tools-for-stm32.12.3.rel1.win32_1.1.0.202410251130/tools/bin/../lib/gcc/arm-none-eabi/12.3.1/thumb/v7-m/nofp\libgcc.a(_arm_fixdfsi.o)
                0x080009f8                __aeabi_d2iz
                0x080009f8                __fixdfsi
 .text          0x08000a48       0x40 C:/ST/STM32CubeIDE_1.17.0/STM32CubeIDE/plugins/com.st.stm32cube.ide.mcu.externaltools.gnu-tools-for-stm32.12.3.rel1.win32_1.1.0.202410251130/tools/bin/../lib/gcc/arm-none-eabi/12.3.1/thumb/v7-m/nofp\libgcc.a(_arm_fixunsdfsi.o)
                0x08000a48                __aeabi_d2uiz
                0x08000a48                __fixunsdfsi
 .text          0x08000a88      0x21c C:/ST/STM32CubeIDE_1.17.0/STM32CubeIDE/plugins/com.st.stm32cube.ide.mcu.externaltools.gnu-tools-for-stm32.12.3.rel1.win32_1.1.0.202410251130/tools/bin/../lib/gcc/arm-none-eabi/12.3.1/thumb/v7-m/nofp\libgcc.a(_arm_addsubsf3.o)
                0x08000a88                __aeabi_frsub
                0x08000a90                __subsf3
                0x08000a90                __aeabi_fsub
                0x08000a94                __aeabi_fadd
                0x08000a94                __addsf3
                0x08000bf4                __aeabi_ui2f
                0x08000bf4                __floatunsisf
                0x08000bfc                __aeabi_i2f
                0x08000bfc                __floatsisf
                0x08000c18                __aeabi_ul2f
                0x08000c18                __floatundisf
                0x08000c28                __aeabi_l2f
                0x08000c28                __floatdisf
 .text          0x08000ca4      0x2a0 C:/ST/STM32CubeIDE_1.17.0/STM32CubeIDE/plugins/com.st.stm32cube.ide.mcu.externaltools.gnu-tools-for-stm32.12.3.rel1.win32_1.1.0.202410251130/tools/bin/../lib/gcc/arm-none-eabi/12.3.1/thumb/v7-m/nofp\libgcc.a(_arm_muldivsf3.o)
                0x08000ca4                __mulsf3
                0x08000ca4                __aeabi_fmul
                0x08000e0c                __aeabi_fdiv
                0x08000e0c                __divsf3
 .text          0x08000f44       0x40 C:/ST/STM32CubeIDE_1.17.0/STM32CubeIDE/plugins/com.st.stm32cube.ide.mcu.externaltools.gnu-tools-for-stm32.12.3.rel1.win32_1.1.0.202410251130/tools/bin/../lib/gcc/arm-none-eabi/12.3.1/thumb/v7-m/nofp\libgcc.a(_arm_fixunssfsi.o)
                0x08000f44                __fixunssfsi
                0x08000f44                __aeabi_f2uiz
 *(.text*)
 .text.HAL_TIM_PeriodElapsedCallback
                0x08000f84       0x12 ./Core/Src/main.o
                0x08000f84                HAL_TIM_PeriodElapsedCallback
 *fill*         0x08000f96        0x2 
 .text.HAL_I2C_MemRxCpltCallback
                0x08000f98       0x50 ./Core/Src/main.o
                0x08000f98                HAL_I2C_MemRxCpltCallback
 .text.HAL_UART_TxCpltCallback
                0x08000fe8       0x2c ./Core/Src/main.o
                0x08000fe8                HAL_UART_TxCpltCallback
 .text.HAL_ADC_ConvCpltCallback
                0x08001014       0x3c ./Core/Src/main.o
                0x08001014                HAL_ADC_ConvCpltCallback
 .text.lpf_current
                0x08001050       0x78 ./Core/Src/main.o
                0x08001050                lpf_current
 .text.lpf_speed
                0x080010c8       0x78 ./Core/Src/main.o
                0x080010c8                lpf_speed
 .text.dt_update
                0x08001140       0x40 ./Core/Src/main.o
                0x08001140                dt_update
 .text.encoder_dt_update
                0x08001180       0x40 ./Core/Src/main.o
                0x08001180                encoder_dt_update
 .text.encoder_read
                0x080011c0      0x22c ./Core/Src/main.o
                0x080011c0                encoder_read
 .text.spwm     0x080013ec      0x158 ./Core/Src/main.o
                0x080013ec                spwm
 .text.torque   0x08001544      0x10c ./Core/Src/main.o
                0x08001544                torque
 .text.motor_pid
                0x08001650      0x460 ./Core/Src/main.o
                0x08001650                motor_pid
 .text.main     0x08001ab0      0x2a0 ./Core/Src/main.o
                0x08001ab0                main
 .text.SystemClock_Config
                0x08001d50       0xb6 ./Core/Src/main.o
                0x08001d50                SystemClock_Config
 *fill*         0x08001e06        0x2 
 .text.MX_ADC1_Init
                0x08001e08       0x7c ./Core/Src/main.o
 .text.MX_I2C1_Init
                0x08001e84       0x5c ./Core/Src/main.o
 .text.MX_TIM1_Init
                0x08001ee0       0xa0 ./Core/Src/main.o
 .text.MX_TIM2_Init
                0x08001f80      0x118 ./Core/Src/main.o
 .text.MX_TIM3_Init
                0x08002098       0x9c ./Core/Src/main.o
 .text.MX_USART1_UART_Init
                0x08002134       0x54 ./Core/Src/main.o
 .text.MX_GPIO_Init
                0x08002188       0xb0 ./Core/Src/main.o
 .text.Error_Handler
                0x08002238        0xc ./Core/Src/main.o
                0x08002238                Error_Handler
 .text.HAL_MspInit
                0x08002244       0x64 ./Core/Src/stm32f1xx_hal_msp.o
                0x08002244                HAL_MspInit
 .text.HAL_ADC_MspInit
                0x080022a8       0x88 ./Core/Src/stm32f1xx_hal_msp.o
                0x080022a8                HAL_ADC_MspInit
 .text.HAL_I2C_MspInit
                0x08002330       0x8c ./Core/Src/stm32f1xx_hal_msp.o
                0x08002330                HAL_I2C_MspInit
 .text.HAL_TIM_Base_MspInit
                0x080023bc       0x98 ./Core/Src/stm32f1xx_hal_msp.o
                0x080023bc                HAL_TIM_Base_MspInit
 .text.HAL_TIM_MspPostInit
                0x08002454       0x60 ./Core/Src/stm32f1xx_hal_msp.o
                0x08002454                HAL_TIM_MspPostInit
 .text.HAL_UART_MspInit
                0x080024b4       0xa8 ./Core/Src/stm32f1xx_hal_msp.o
                0x080024b4                HAL_UART_MspInit
 .text.NMI_Handler
                0x0800255c        0x8 ./Core/Src/stm32f1xx_it.o
                0x0800255c                NMI_Handler
 .text.HardFault_Handler
                0x08002564        0x8 ./Core/Src/stm32f1xx_it.o
                0x08002564                HardFault_Handler
 .text.MemManage_Handler
                0x0800256c        0x8 ./Core/Src/stm32f1xx_it.o
                0x0800256c                MemManage_Handler
 .text.BusFault_Handler
                0x08002574        0x8 ./Core/Src/stm32f1xx_it.o
                0x08002574                BusFault_Handler
 .text.UsageFault_Handler
                0x0800257c        0x8 ./Core/Src/stm32f1xx_it.o
                0x0800257c                UsageFault_Handler
 .text.SVC_Handler
                0x08002584        0xc ./Core/Src/stm32f1xx_it.o
                0x08002584                SVC_Handler
 .text.DebugMon_Handler
                0x08002590        0xc ./Core/Src/stm32f1xx_it.o
                0x08002590                DebugMon_Handler
 .text.PendSV_Handler
                0x0800259c        0xc ./Core/Src/stm32f1xx_it.o
                0x0800259c                PendSV_Handler
 .text.SysTick_Handler
                0x080025a8        0xc ./Core/Src/stm32f1xx_it.o
                0x080025a8                SysTick_Handler
 .text.ADC1_2_IRQHandler
                0x080025b4       0x14 ./Core/Src/stm32f1xx_it.o
                0x080025b4                ADC1_2_IRQHandler
 .text.TIM3_IRQHandler
                0x080025c8       0x14 ./Core/Src/stm32f1xx_it.o
                0x080025c8                TIM3_IRQHandler
 .text.I2C1_EV_IRQHandler
                0x080025dc       0x14 ./Core/Src/stm32f1xx_it.o
                0x080025dc                I2C1_EV_IRQHandler
 .text.USART1_IRQHandler
                0x080025f0       0x14 ./Core/Src/stm32f1xx_it.o
                0x080025f0                USART1_IRQHandler
 .text._sbrk    0x08002604       0x6c ./Core/Src/sysmem.o
                0x08002604                _sbrk
 .text.SystemInit
                0x08002670        0xc ./Core/Src/system_stm32f1xx.o
                0x08002670                SystemInit
 .text.Reset_Handler
                0x0800267c       0x48 ./Core/Startup/startup_stm32f103c8tx.o
                0x0800267c                Reset_Handler
 .text.Default_Handler
                0x080026c4        0x2 ./Core/Startup/startup_stm32f103c8tx.o
                0x080026c4                RTC_Alarm_IRQHandler
                0x080026c4                EXTI2_IRQHandler
                0x080026c4                TIM1_CC_IRQHandler
                0x080026c4                PVD_IRQHandler
                0x080026c4                EXTI3_IRQHandler
                0x080026c4                EXTI0_IRQHandler
                0x080026c4                I2C2_EV_IRQHandler
                0x080026c4                SPI1_IRQHandler
                0x080026c4                TAMPER_IRQHandler
                0x080026c4                DMA1_Channel4_IRQHandler
                0x080026c4                USART3_IRQHandler
                0x080026c4                RTC_IRQHandler
                0x080026c4                DMA1_Channel7_IRQHandler
                0x080026c4                CAN1_RX1_IRQHandler
                0x080026c4                TIM4_IRQHandler
                0x080026c4                DMA1_Channel6_IRQHandler
                0x080026c4                RCC_IRQHandler
                0x080026c4                TIM1_TRG_COM_IRQHandler
                0x080026c4                DMA1_Channel1_IRQHandler
                0x080026c4                Default_Handler
                0x080026c4                EXTI15_10_IRQHandler
                0x080026c4                EXTI9_5_IRQHandler
                0x080026c4                SPI2_IRQHandler
                0x080026c4                DMA1_Channel5_IRQHandler
                0x080026c4                EXTI4_IRQHandler
                0x080026c4                USB_LP_CAN1_RX0_IRQHandler
                0x080026c4                USB_HP_CAN1_TX_IRQHandler
                0x080026c4                DMA1_Channel3_IRQHandler
                0x080026c4                TIM1_UP_IRQHandler
                0x080026c4                WWDG_IRQHandler
                0x080026c4                TIM2_IRQHandler
                0x080026c4                TIM1_BRK_IRQHandler
                0x080026c4                EXTI1_IRQHandler
                0x080026c4                USART2_IRQHandler
                0x080026c4                I2C2_ER_IRQHandler
                0x080026c4                DMA1_Channel2_IRQHandler
                0x080026c4                CAN1_SCE_IRQHandler
                0x080026c4                FLASH_IRQHandler
                0x080026c4                I2C1_ER_IRQHandler
                0x080026c4                USBWakeUp_IRQHandler
 *fill*         0x080026c6        0x2 
 .text.HAL_Init
                0x080026c8       0x2c ./Drivers/STM32F1xx_HAL_Driver/Src/stm32f1xx_hal.o
                0x080026c8                HAL_Init
 .text.HAL_InitTick
                0x080026f4       0x60 ./Drivers/STM32F1xx_HAL_Driver/Src/stm32f1xx_hal.o
                0x080026f4                HAL_InitTick
 .text.HAL_IncTick
                0x08002754       0x24 ./Drivers/STM32F1xx_HAL_Driver/Src/stm32f1xx_hal.o
                0x08002754                HAL_IncTick
 .text.HAL_GetTick
                0x08002778       0x14 ./Drivers/STM32F1xx_HAL_Driver/Src/stm32f1xx_hal.o
                0x08002778                HAL_GetTick
 .text.HAL_ADC_Init
                0x0800278c      0x1b0 ./Drivers/STM32F1xx_HAL_Driver/Src/stm32f1xx_hal_adc.o
                0x0800278c                HAL_ADC_Init
 .text.HAL_ADC_Start_IT
                0x0800293c      0x16c ./Drivers/STM32F1xx_HAL_Driver/Src/stm32f1xx_hal_adc.o
                0x0800293c                HAL_ADC_Start_IT
 .text.HAL_ADC_GetValue
                0x08002aa8       0x18 ./Drivers/STM32F1xx_HAL_Driver/Src/stm32f1xx_hal_adc.o
                0x08002aa8                HAL_ADC_GetValue
 .text.HAL_ADC_IRQHandler
                0x08002ac0      0x17e ./Drivers/STM32F1xx_HAL_Driver/Src/stm32f1xx_hal_adc.o
                0x08002ac0                HAL_ADC_IRQHandler
 .text.HAL_ADC_LevelOutOfWindowCallback
                0x08002c3e       0x12 ./Drivers/STM32F1xx_HAL_Driver/Src/stm32f1xx_hal_adc.o
                0x08002c3e                HAL_ADC_LevelOutOfWindowCallback
 .text.HAL_ADC_ConfigChannel
                0x08002c50      0x1f0 ./Drivers/STM32F1xx_HAL_Driver/Src/stm32f1xx_hal_adc.o
                0x08002c50                HAL_ADC_ConfigChannel
 .text.ADC_Enable
                0x08002e40       0xb4 ./Drivers/STM32F1xx_HAL_Driver/Src/stm32f1xx_hal_adc.o
                0x08002e40                ADC_Enable
 .text.ADC_ConversionStop_Disable
                0x08002ef4       0x82 ./Drivers/STM32F1xx_HAL_Driver/Src/stm32f1xx_hal_adc.o
                0x08002ef4                ADC_ConversionStop_Disable
 *fill*         0x08002f76        0x2 
 .text.HAL_ADCEx_Calibration_Start
                0x08002f78      0x15c ./Drivers/STM32F1xx_HAL_Driver/Src/stm32f1xx_hal_adc_ex.o
                0x08002f78                HAL_ADCEx_Calibration_Start
 .text.HAL_ADCEx_InjectedConvCpltCallback
                0x080030d4       0x12 ./Drivers/STM32F1xx_HAL_Driver/Src/stm32f1xx_hal_adc_ex.o
                0x080030d4                HAL_ADCEx_InjectedConvCpltCallback
 *fill*         0x080030e6        0x2 
 .text.__NVIC_SetPriorityGrouping
                0x080030e8       0x48 ./Drivers/STM32F1xx_HAL_Driver/Src/stm32f1xx_hal_cortex.o
 .text.__NVIC_GetPriorityGrouping
                0x08003130       0x1c ./Drivers/STM32F1xx_HAL_Driver/Src/stm32f1xx_hal_cortex.o
 .text.__NVIC_EnableIRQ
                0x0800314c       0x38 ./Drivers/STM32F1xx_HAL_Driver/Src/stm32f1xx_hal_cortex.o
 .text.__NVIC_SetPriority
                0x08003184       0x54 ./Drivers/STM32F1xx_HAL_Driver/Src/stm32f1xx_hal_cortex.o
 .text.NVIC_EncodePriority
                0x080031d8       0x64 ./Drivers/STM32F1xx_HAL_Driver/Src/stm32f1xx_hal_cortex.o
 .text.SysTick_Config
                0x0800323c       0x44 ./Drivers/STM32F1xx_HAL_Driver/Src/stm32f1xx_hal_cortex.o
 .text.HAL_NVIC_SetPriorityGrouping
                0x08003280       0x16 ./Drivers/STM32F1xx_HAL_Driver/Src/stm32f1xx_hal_cortex.o
                0x08003280                HAL_NVIC_SetPriorityGrouping
 .text.HAL_NVIC_SetPriority
                0x08003296       0x38 ./Drivers/STM32F1xx_HAL_Driver/Src/stm32f1xx_hal_cortex.o
                0x08003296                HAL_NVIC_SetPriority
 .text.HAL_NVIC_EnableIRQ
                0x080032ce       0x1c ./Drivers/STM32F1xx_HAL_Driver/Src/stm32f1xx_hal_cortex.o
                0x080032ce                HAL_NVIC_EnableIRQ
 .text.HAL_SYSTICK_Config
                0x080032ea       0x18 ./Drivers/STM32F1xx_HAL_Driver/Src/stm32f1xx_hal_cortex.o
                0x080032ea                HAL_SYSTICK_Config
 .text.HAL_DMA_Abort
                0x08003302       0x76 ./Drivers/STM32F1xx_HAL_Driver/Src/stm32f1xx_hal_dma.o
                0x08003302                HAL_DMA_Abort
 .text.HAL_DMA_Abort_IT
                0x08003378       0xf0 ./Drivers/STM32F1xx_HAL_Driver/Src/stm32f1xx_hal_dma.o
                0x08003378                HAL_DMA_Abort_IT
 .text.HAL_DMA_GetState
                0x08003468       0x1a ./Drivers/STM32F1xx_HAL_Driver/Src/stm32f1xx_hal_dma.o
                0x08003468                HAL_DMA_GetState
 *fill*         0x08003482        0x2 
 .text.HAL_GPIO_Init
                0x08003484      0x308 ./Drivers/STM32F1xx_HAL_Driver/Src/stm32f1xx_hal_gpio.o
                0x08003484                HAL_GPIO_Init
 .text.HAL_GPIO_WritePin
                0x0800378c       0x30 ./Drivers/STM32F1xx_HAL_Driver/Src/stm32f1xx_hal_gpio.o
                0x0800378c                HAL_GPIO_WritePin
 .text.HAL_I2C_Init
                0x080037bc      0x288 ./Drivers/STM32F1xx_HAL_Driver/Src/stm32f1xx_hal_i2c.o
                0x080037bc                HAL_I2C_Init
 .text.I2C_Flush_DR
                0x08003a44       0x28 ./Drivers/STM32F1xx_HAL_Driver/Src/stm32f1xx_hal_i2c.o
 .text.HAL_I2C_Mem_Read_IT
                0x08003a6c      0x170 ./Drivers/STM32F1xx_HAL_Driver/Src/stm32f1xx_hal_i2c.o
                0x08003a6c                HAL_I2C_Mem_Read_IT
 .text.HAL_I2C_EV_IRQHandler
                0x08003bdc      0x2a6 ./Drivers/STM32F1xx_HAL_Driver/Src/stm32f1xx_hal_i2c.o
                0x08003bdc                HAL_I2C_EV_IRQHandler
 .text.HAL_I2C_MasterTxCpltCallback
                0x08003e82       0x12 ./Drivers/STM32F1xx_HAL_Driver/Src/stm32f1xx_hal_i2c.o
                0x08003e82                HAL_I2C_MasterTxCpltCallback
 .text.HAL_I2C_MasterRxCpltCallback
                0x08003e94       0x12 ./Drivers/STM32F1xx_HAL_Driver/Src/stm32f1xx_hal_i2c.o
                0x08003e94                HAL_I2C_MasterRxCpltCallback
 .text.HAL_I2C_SlaveTxCpltCallback
                0x08003ea6       0x12 ./Drivers/STM32F1xx_HAL_Driver/Src/stm32f1xx_hal_i2c.o
                0x08003ea6                HAL_I2C_SlaveTxCpltCallback
 .text.HAL_I2C_SlaveRxCpltCallback
                0x08003eb8       0x12 ./Drivers/STM32F1xx_HAL_Driver/Src/stm32f1xx_hal_i2c.o
                0x08003eb8                HAL_I2C_SlaveRxCpltCallback
 .text.HAL_I2C_AddrCallback
                0x08003eca       0x1a ./Drivers/STM32F1xx_HAL_Driver/Src/stm32f1xx_hal_i2c.o
                0x08003eca                HAL_I2C_AddrCallback
 .text.HAL_I2C_ListenCpltCallback
                0x08003ee4       0x12 ./Drivers/STM32F1xx_HAL_Driver/Src/stm32f1xx_hal_i2c.o
                0x08003ee4                HAL_I2C_ListenCpltCallback
 .text.HAL_I2C_MemTxCpltCallback
                0x08003ef6       0x12 ./Drivers/STM32F1xx_HAL_Driver/Src/stm32f1xx_hal_i2c.o
                0x08003ef6                HAL_I2C_MemTxCpltCallback
 .text.HAL_I2C_ErrorCallback
                0x08003f08       0x12 ./Drivers/STM32F1xx_HAL_Driver/Src/stm32f1xx_hal_i2c.o
                0x08003f08                HAL_I2C_ErrorCallback
 .text.HAL_I2C_AbortCpltCallback
                0x08003f1a       0x12 ./Drivers/STM32F1xx_HAL_Driver/Src/stm32f1xx_hal_i2c.o
                0x08003f1a                HAL_I2C_AbortCpltCallback
 .text.I2C_MasterTransmit_TXE
                0x08003f2c      0x138 ./Drivers/STM32F1xx_HAL_Driver/Src/stm32f1xx_hal_i2c.o
 .text.I2C_MasterTransmit_BTF
                0x08004064       0xec ./Drivers/STM32F1xx_HAL_Driver/Src/stm32f1xx_hal_i2c.o
 .text.I2C_MemoryTransmit_TXE_BTF
                0x08004150      0x130 ./Drivers/STM32F1xx_HAL_Driver/Src/stm32f1xx_hal_i2c.o
 .text.I2C_MasterReceive_RXNE
                0x08004280      0x190 ./Drivers/STM32F1xx_HAL_Driver/Src/stm32f1xx_hal_i2c.o
 .text.I2C_MasterReceive_BTF
                0x08004410      0x1e2 ./Drivers/STM32F1xx_HAL_Driver/Src/stm32f1xx_hal_i2c.o
 .text.I2C_Master_SB
                0x080045f2      0x10a ./Drivers/STM32F1xx_HAL_Driver/Src/stm32f1xx_hal_i2c.o
 .text.I2C_Master_ADD10
                0x080046fc       0x52 ./Drivers/STM32F1xx_HAL_Driver/Src/stm32f1xx_hal_i2c.o
 .text.I2C_Master_ADDR
                0x0800474e      0x336 ./Drivers/STM32F1xx_HAL_Driver/Src/stm32f1xx_hal_i2c.o
 .text.I2C_SlaveTransmit_TXE
                0x08004a84       0x7a ./Drivers/STM32F1xx_HAL_Driver/Src/stm32f1xx_hal_i2c.o
 .text.I2C_SlaveTransmit_BTF
                0x08004afe       0x40 ./Drivers/STM32F1xx_HAL_Driver/Src/stm32f1xx_hal_i2c.o
 .text.I2C_SlaveReceive_RXNE
                0x08004b3e       0x7c ./Drivers/STM32F1xx_HAL_Driver/Src/stm32f1xx_hal_i2c.o
 .text.I2C_SlaveReceive_BTF
                0x08004bba       0x42 ./Drivers/STM32F1xx_HAL_Driver/Src/stm32f1xx_hal_i2c.o
 .text.I2C_Slave_ADDR
                0x08004bfc       0x90 ./Drivers/STM32F1xx_HAL_Driver/Src/stm32f1xx_hal_i2c.o
 .text.I2C_Slave_STOPF
                0x08004c8c      0x260 ./Drivers/STM32F1xx_HAL_Driver/Src/stm32f1xx_hal_i2c.o
 .text.I2C_ITError
                0x08004eec      0x264 ./Drivers/STM32F1xx_HAL_Driver/Src/stm32f1xx_hal_i2c.o
 .text.I2C_DMAAbort
                0x08005150      0x150 ./Drivers/STM32F1xx_HAL_Driver/Src/stm32f1xx_hal_i2c.o
 .text.I2C_WaitOnSTOPRequestThroughIT
                0x080052a0       0x64 ./Drivers/STM32F1xx_HAL_Driver/Src/stm32f1xx_hal_i2c.o
 .text.I2C_ConvertOtherXferOptions
                0x08005304       0x34 ./Drivers/STM32F1xx_HAL_Driver/Src/stm32f1xx_hal_i2c.o
 .text.HAL_RCC_OscConfig
                0x08005338      0x504 ./Drivers/STM32F1xx_HAL_Driver/Src/stm32f1xx_hal_rcc.o
                0x08005338                HAL_RCC_OscConfig
 .text.HAL_RCC_ClockConfig
                0x0800583c      0x1d4 ./Drivers/STM32F1xx_HAL_Driver/Src/stm32f1xx_hal_rcc.o
                0x0800583c                HAL_RCC_ClockConfig
 .text.HAL_RCC_GetSysClockFreq
                0x08005a10       0xa8 ./Drivers/STM32F1xx_HAL_Driver/Src/stm32f1xx_hal_rcc.o
                0x08005a10                HAL_RCC_GetSysClockFreq
 .text.HAL_RCC_GetHCLKFreq
                0x08005ab8       0x14 ./Drivers/STM32F1xx_HAL_Driver/Src/stm32f1xx_hal_rcc.o
                0x08005ab8                HAL_RCC_GetHCLKFreq
 .text.HAL_RCC_GetPCLK1Freq
                0x08005acc       0x28 ./Drivers/STM32F1xx_HAL_Driver/Src/stm32f1xx_hal_rcc.o
                0x08005acc                HAL_RCC_GetPCLK1Freq
 .text.HAL_RCC_GetPCLK2Freq
                0x08005af4       0x28 ./Drivers/STM32F1xx_HAL_Driver/Src/stm32f1xx_hal_rcc.o
                0x08005af4                HAL_RCC_GetPCLK2Freq
 .text.RCC_Delay
                0x08005b1c       0x3c ./Drivers/STM32F1xx_HAL_Driver/Src/stm32f1xx_hal_rcc.o
 .text.HAL_RCCEx_PeriphCLKConfig
                0x08005b58      0x16c ./Drivers/STM32F1xx_HAL_Driver/Src/stm32f1xx_hal_rcc_ex.o
                0x08005b58                HAL_RCCEx_PeriphCLKConfig
 .text.HAL_RCCEx_GetPeriphCLKFreq
                0x08005cc4      0x16c ./Drivers/STM32F1xx_HAL_Driver/Src/stm32f1xx_hal_rcc_ex.o
                0x08005cc4                HAL_RCCEx_GetPeriphCLKFreq
 .text.HAL_TIM_Base_Init
                0x08005e30       0x9e ./Drivers/STM32F1xx_HAL_Driver/Src/stm32f1xx_hal_tim.o
                0x08005e30                HAL_TIM_Base_Init
 *fill*         0x08005ece        0x2 
 .text.HAL_TIM_Base_Start
                0x08005ed0       0x94 ./Drivers/STM32F1xx_HAL_Driver/Src/stm32f1xx_hal_tim.o
                0x08005ed0                HAL_TIM_Base_Start
 .text.HAL_TIM_Base_Start_IT
                0x08005f64       0xa4 ./Drivers/STM32F1xx_HAL_Driver/Src/stm32f1xx_hal_tim.o
                0x08005f64                HAL_TIM_Base_Start_IT
 .text.HAL_TIM_PWM_Init
                0x08006008       0x9e ./Drivers/STM32F1xx_HAL_Driver/Src/stm32f1xx_hal_tim.o
                0x08006008                HAL_TIM_PWM_Init
 .text.HAL_TIM_PWM_MspInit
                0x080060a6       0x12 ./Drivers/STM32F1xx_HAL_Driver/Src/stm32f1xx_hal_tim.o
                0x080060a6                HAL_TIM_PWM_MspInit
 .text.HAL_TIM_PWM_Start
                0x080060b8      0x144 ./Drivers/STM32F1xx_HAL_Driver/Src/stm32f1xx_hal_tim.o
                0x080060b8                HAL_TIM_PWM_Start
 .text.HAL_TIM_IRQHandler
                0x080061fc      0x1e0 ./Drivers/STM32F1xx_HAL_Driver/Src/stm32f1xx_hal_tim.o
                0x080061fc                HAL_TIM_IRQHandler
 .text.HAL_TIM_PWM_ConfigChannel
                0x080063dc      0x184 ./Drivers/STM32F1xx_HAL_Driver/Src/stm32f1xx_hal_tim.o
                0x080063dc                HAL_TIM_PWM_ConfigChannel
 .text.HAL_TIM_ConfigClockSource
                0x08006560      0x18e ./Drivers/STM32F1xx_HAL_Driver/Src/stm32f1xx_hal_tim.o
                0x08006560                HAL_TIM_ConfigClockSource
 .text.HAL_TIM_OC_DelayElapsedCallback
                0x080066ee       0x12 ./Drivers/STM32F1xx_HAL_Driver/Src/stm32f1xx_hal_tim.o
                0x080066ee                HAL_TIM_OC_DelayElapsedCallback
 .text.HAL_TIM_IC_CaptureCallback
                0x08006700       0x12 ./Drivers/STM32F1xx_HAL_Driver/Src/stm32f1xx_hal_tim.o
                0x08006700                HAL_TIM_IC_CaptureCallback
 .text.HAL_TIM_PWM_PulseFinishedCallback
                0x08006712       0x12 ./Drivers/STM32F1xx_HAL_Driver/Src/stm32f1xx_hal_tim.o
                0x08006712                HAL_TIM_PWM_PulseFinishedCallback
 .text.HAL_TIM_TriggerCallback
                0x08006724       0x12 ./Drivers/STM32F1xx_HAL_Driver/Src/stm32f1xx_hal_tim.o
                0x08006724                HAL_TIM_TriggerCallback
 *fill*         0x08006736        0x2 
 .text.TIM_Base_SetConfig
                0x08006738       0xdc ./Drivers/STM32F1xx_HAL_Driver/Src/stm32f1xx_hal_tim.o
                0x08006738                TIM_Base_SetConfig
 .text.TIM_OC1_SetConfig
                0x08006814       0xcc ./Drivers/STM32F1xx_HAL_Driver/Src/stm32f1xx_hal_tim.o
 .text.TIM_OC2_SetConfig
                0x080068e0       0xd4 ./Drivers/STM32F1xx_HAL_Driver/Src/stm32f1xx_hal_tim.o
                0x080068e0                TIM_OC2_SetConfig
 .text.TIM_OC3_SetConfig
                0x080069b4       0xd4 ./Drivers/STM32F1xx_HAL_Driver/Src/stm32f1xx_hal_tim.o
 .text.TIM_OC4_SetConfig
                0x08006a88       0x9c ./Drivers/STM32F1xx_HAL_Driver/Src/stm32f1xx_hal_tim.o
 .text.TIM_TI1_ConfigInputStage
                0x08006b24       0x5c ./Drivers/STM32F1xx_HAL_Driver/Src/stm32f1xx_hal_tim.o
 .text.TIM_TI2_ConfigInputStage
                0x08006b80       0x5e ./Drivers/STM32F1xx_HAL_Driver/Src/stm32f1xx_hal_tim.o
 .text.TIM_ITRx_SetConfig
                0x08006bde       0x34 ./Drivers/STM32F1xx_HAL_Driver/Src/stm32f1xx_hal_tim.o
 .text.TIM_ETR_SetConfig
                0x08006c12       0x3e ./Drivers/STM32F1xx_HAL_Driver/Src/stm32f1xx_hal_tim.o
                0x08006c12                TIM_ETR_SetConfig
 .text.TIM_CCxChannelCmd
                0x08006c50       0x48 ./Drivers/STM32F1xx_HAL_Driver/Src/stm32f1xx_hal_tim.o
                0x08006c50                TIM_CCxChannelCmd
 .text.HAL_TIMEx_MasterConfigSynchronization
                0x08006c98       0xbc ./Drivers/STM32F1xx_HAL_Driver/Src/stm32f1xx_hal_tim_ex.o
                0x08006c98                HAL_TIMEx_MasterConfigSynchronization
 .text.HAL_TIMEx_CommutCallback
                0x08006d54       0x12 ./Drivers/STM32F1xx_HAL_Driver/Src/stm32f1xx_hal_tim_ex.o
                0x08006d54                HAL_TIMEx_CommutCallback
 .text.HAL_TIMEx_BreakCallback
                0x08006d66       0x12 ./Drivers/STM32F1xx_HAL_Driver/Src/stm32f1xx_hal_tim_ex.o
                0x08006d66                HAL_TIMEx_BreakCallback
 .text.HAL_UART_Init
                0x08006d78       0xa0 ./Drivers/STM32F1xx_HAL_Driver/Src/stm32f1xx_hal_uart.o
                0x08006d78                HAL_UART_Init
 .text.HAL_UART_Transmit_IT
                0x08006e18       0x6a ./Drivers/STM32F1xx_HAL_Driver/Src/stm32f1xx_hal_uart.o
                0x08006e18                HAL_UART_Transmit_IT
 *fill*         0x08006e82        0x2 
 .text.HAL_UART_IRQHandler
                0x08006e84      0x524 ./Drivers/STM32F1xx_HAL_Driver/Src/stm32f1xx_hal_uart.o
                0x08006e84                HAL_UART_IRQHandler
 .text.HAL_UART_RxCpltCallback
                0x080073a8       0x12 ./Drivers/STM32F1xx_HAL_Driver/Src/stm32f1xx_hal_uart.o
                0x080073a8                HAL_UART_RxCpltCallback
 .text.HAL_UART_ErrorCallback
                0x080073ba       0x12 ./Drivers/STM32F1xx_HAL_Driver/Src/stm32f1xx_hal_uart.o
                0x080073ba                HAL_UART_ErrorCallback
 .text.HAL_UARTEx_RxEventCallback
                0x080073cc       0x16 ./Drivers/STM32F1xx_HAL_Driver/Src/stm32f1xx_hal_uart.o
                0x080073cc                HAL_UARTEx_RxEventCallback
 .text.UART_EndRxTransfer
                0x080073e2       0xc4 ./Drivers/STM32F1xx_HAL_Driver/Src/stm32f1xx_hal_uart.o
 .text.UART_DMAAbortOnError
                0x080074a6       0x28 ./Drivers/STM32F1xx_HAL_Driver/Src/stm32f1xx_hal_uart.o
 .text.UART_Transmit_IT
                0x080074ce       0x9e ./Drivers/STM32F1xx_HAL_Driver/Src/stm32f1xx_hal_uart.o
 .text.UART_EndTransmit_IT
                0x0800756c       0x30 ./Drivers/STM32F1xx_HAL_Driver/Src/stm32f1xx_hal_uart.o
 .text.UART_Receive_IT
                0x0800759c      0x17c ./Drivers/STM32F1xx_HAL_Driver/Src/stm32f1xx_hal_uart.o
 .text.UART_SetConfig
                0x08007718      0x11c ./Drivers/STM32F1xx_HAL_Driver/Src/stm32f1xx_hal_uart.o
 .text.sprintf  0x08007834       0x40 C:/ST/STM32CubeIDE_1.17.0/STM32CubeIDE/plugins/com.st.stm32cube.ide.mcu.externaltools.gnu-tools-for-stm32.12.3.rel1.win32_1.1.0.202410251130/tools/bin/../lib/gcc/arm-none-eabi/12.3.1/../../../../arm-none-eabi/lib/thumb/v7-m/nofp\libc_nano.a(libc_a-sprintf.o)
                0x08007834                siprintf
                0x08007834                sprintf
 .text.memset   0x08007874       0x10 C:/ST/STM32CubeIDE_1.17.0/STM32CubeIDE/plugins/com.st.stm32cube.ide.mcu.externaltools.gnu-tools-for-stm32.12.3.rel1.win32_1.1.0.202410251130/tools/bin/../lib/gcc/arm-none-eabi/12.3.1/../../../../arm-none-eabi/lib/thumb/v7-m/nofp\libc_nano.a(libc_a-memset.o)
                0x08007874                memset
 .text.__errno  0x08007884        0xc C:/ST/STM32CubeIDE_1.17.0/STM32CubeIDE/plugins/com.st.stm32cube.ide.mcu.externaltools.gnu-tools-for-stm32.12.3.rel1.win32_1.1.0.202410251130/tools/bin/../lib/gcc/arm-none-eabi/12.3.1/../../../../arm-none-eabi/lib/thumb/v7-m/nofp\libc_nano.a(libc_a-errno.o)
                0x08007884                __errno
 .text.__libc_init_array
                0x08007890       0x48 C:/ST/STM32CubeIDE_1.17.0/STM32CubeIDE/plugins/com.st.stm32cube.ide.mcu.externaltools.gnu-tools-for-stm32.12.3.rel1.win32_1.1.0.202410251130/tools/bin/../lib/gcc/arm-none-eabi/12.3.1/../../../../arm-none-eabi/lib/thumb/v7-m/nofp\libc_nano.a(libc_a-init.o)
                0x08007890                __libc_init_array
 .text.__retarget_lock_acquire_recursive
                0x080078d8        0x2 C:/ST/STM32CubeIDE_1.17.0/STM32CubeIDE/plugins/com.st.stm32cube.ide.mcu.externaltools.gnu-tools-for-stm32.12.3.rel1.win32_1.1.0.202410251130/tools/bin/../lib/gcc/arm-none-eabi/12.3.1/../../../../arm-none-eabi/lib/thumb/v7-m/nofp\libc_nano.a(libc_a-lock.o)
                0x080078d8                __retarget_lock_acquire_recursive
 .text.__retarget_lock_release_recursive
                0x080078da        0x2 C:/ST/STM32CubeIDE_1.17.0/STM32CubeIDE/plugins/com.st.stm32cube.ide.mcu.externaltools.gnu-tools-for-stm32.12.3.rel1.win32_1.1.0.202410251130/tools/bin/../lib/gcc/arm-none-eabi/12.3.1/../../../../arm-none-eabi/lib/thumb/v7-m/nofp\libc_nano.a(libc_a-lock.o)
                0x080078da                __retarget_lock_release_recursive
 .text._free_r  0x080078dc       0x90 C:/ST/STM32CubeIDE_1.17.0/STM32CubeIDE/plugins/com.st.stm32cube.ide.mcu.externaltools.gnu-tools-for-stm32.12.3.rel1.win32_1.1.0.202410251130/tools/bin/../lib/gcc/arm-none-eabi/12.3.1/../../../../arm-none-eabi/lib/thumb/v7-m/nofp\libc_nano.a(libc_a-freer.o)
                0x080078dc                _free_r
 .text.sbrk_aligned
                0x0800796c       0x44 C:/ST/STM32CubeIDE_1.17.0/STM32CubeIDE/plugins/com.st.stm32cube.ide.mcu.externaltools.gnu-tools-for-stm32.12.3.rel1.win32_1.1.0.202410251130/tools/bin/../lib/gcc/arm-none-eabi/12.3.1/../../../../arm-none-eabi/lib/thumb/v7-m/nofp\libc_nano.a(libc_a-mallocr.o)
 .text._malloc_r
                0x080079b0      0x100 C:/ST/STM32CubeIDE_1.17.0/STM32CubeIDE/plugins/com.st.stm32cube.ide.mcu.externaltools.gnu-tools-for-stm32.12.3.rel1.win32_1.1.0.202410251130/tools/bin/../lib/gcc/arm-none-eabi/12.3.1/../../../../arm-none-eabi/lib/thumb/v7-m/nofp\libc_nano.a(libc_a-mallocr.o)
                0x080079b0                _malloc_r
 .text.__malloc_lock
                0x08007ab0        0xc C:/ST/STM32CubeIDE_1.17.0/STM32CubeIDE/plugins/com.st.stm32cube.ide.mcu.externaltools.gnu-tools-for-stm32.12.3.rel1.win32_1.1.0.202410251130/tools/bin/../lib/gcc/arm-none-eabi/12.3.1/../../../../arm-none-eabi/lib/thumb/v7-m/nofp\libc_nano.a(libc_a-mlock.o)
                0x08007ab0                __malloc_lock
 .text.__malloc_unlock
                0x08007abc        0xc C:/ST/STM32CubeIDE_1.17.0/STM32CubeIDE/plugins/com.st.stm32cube.ide.mcu.externaltools.gnu-tools-for-stm32.12.3.rel1.win32_1.1.0.202410251130/tools/bin/../lib/gcc/arm-none-eabi/12.3.1/../../../../arm-none-eabi/lib/thumb/v7-m/nofp\libc_nano.a(libc_a-mlock.o)
                0x08007abc                __malloc_unlock
 .text.__ssputs_r
                0x08007ac8       0xb6 C:/ST/STM32CubeIDE_1.17.0/STM32CubeIDE/plugins/com.st.stm32cube.ide.mcu.externaltools.gnu-tools-for-stm32.12.3.rel1.win32_1.1.0.202410251130/tools/bin/../lib/gcc/arm-none-eabi/12.3.1/../../../../arm-none-eabi/lib/thumb/v7-m/nofp\libc_nano.a(libc_a-nano-svfprintf.o)
                0x08007ac8                __ssputs_r
 *fill*         0x08007b7e        0x2 
 .text._svfprintf_r
                0x08007b80      0x1f8 C:/ST/STM32CubeIDE_1.17.0/STM32CubeIDE/plugins/com.st.stm32cube.ide.mcu.externaltools.gnu-tools-for-stm32.12.3.rel1.win32_1.1.0.202410251130/tools/bin/../lib/gcc/arm-none-eabi/12.3.1/../../../../arm-none-eabi/lib/thumb/v7-m/nofp\libc_nano.a(libc_a-nano-svfprintf.o)
                0x08007b80                _svfiprintf_r
                0x08007b80                _svfprintf_r
 .text._printf_common
                0x08007d78       0xe4 C:/ST/STM32CubeIDE_1.17.0/STM32CubeIDE/plugins/com.st.stm32cube.ide.mcu.externaltools.gnu-tools-for-stm32.12.3.rel1.win32_1.1.0.202410251130/tools/bin/../lib/gcc/arm-none-eabi/12.3.1/../../../../arm-none-eabi/lib/thumb/v7-m/nofp\libc_nano.a(libc_a-nano-vfprintf_i.o)
                0x08007d78                _printf_common
 .text._printf_i
                0x08007e5c      0x240 C:/ST/STM32CubeIDE_1.17.0/STM32CubeIDE/plugins/com.st.stm32cube.ide.mcu.externaltools.gnu-tools-for-stm32.12.3.rel1.win32_1.1.0.202410251130/tools/bin/../lib/gcc/arm-none-eabi/12.3.1/../../../../arm-none-eabi/lib/thumb/v7-m/nofp\libc_nano.a(libc_a-nano-vfprintf_i.o)
                0x08007e5c                _printf_i
 .text.memmove  0x0800809c       0x34 C:/ST/STM32CubeIDE_1.17.0/STM32CubeIDE/plugins/com.st.stm32cube.ide.mcu.externaltools.gnu-tools-for-stm32.12.3.rel1.win32_1.1.0.202410251130/tools/bin/../lib/gcc/arm-none-eabi/12.3.1/../../../../arm-none-eabi/lib/thumb/v7-m/nofp\libc_nano.a(libc_a-memmove.o)
                0x0800809c                memmove
 .text._sbrk_r  0x080080d0       0x20 C:/ST/STM32CubeIDE_1.17.0/STM32CubeIDE/plugins/com.st.stm32cube.ide.mcu.externaltools.gnu-tools-for-stm32.12.3.rel1.win32_1.1.0.202410251130/tools/bin/../lib/gcc/arm-none-eabi/12.3.1/../../../../arm-none-eabi/lib/thumb/v7-m/nofp\libc_nano.a(libc_a-sbrkr.o)
                0x080080d0                _sbrk_r
 .text.memchr   0x080080f0       0x1c C:/ST/STM32CubeIDE_1.17.0/STM32CubeIDE/plugins/com.st.stm32cube.ide.mcu.externaltools.gnu-tools-for-stm32.12.3.rel1.win32_1.1.0.202410251130/tools/bin/../lib/gcc/arm-none-eabi/12.3.1/../../../../arm-none-eabi/lib/thumb/v7-m/nofp\libc_nano.a(libc_a-memchr-stub.o)
                0x080080f0                memchr
 .text.memcpy   0x0800810c       0x1c C:/ST/STM32CubeIDE_1.17.0/STM32CubeIDE/plugins/com.st.stm32cube.ide.mcu.externaltools.gnu-tools-for-stm32.12.3.rel1.win32_1.1.0.202410251130/tools/bin/../lib/gcc/arm-none-eabi/12.3.1/../../../../arm-none-eabi/lib/thumb/v7-m/nofp\libc_nano.a(libc_a-memcpy-stub.o)
                0x0800810c                memcpy
 .text._realloc_r
                0x08008128       0x5c C:/ST/STM32CubeIDE_1.17.0/STM32CubeIDE/plugins/com.st.stm32cube.ide.mcu.externaltools.gnu-tools-for-stm32.12.3.rel1.win32_1.1.0.202410251130/tools/bin/../lib/gcc/arm-none-eabi/12.3.1/../../../../arm-none-eabi/lib/thumb/v7-m/nofp\libc_nano.a(libc_a-reallocr.o)
                0x08008128                _realloc_r
 .text._malloc_usable_size_r
                0x08008184       0x10 C:/ST/STM32CubeIDE_1.17.0/STM32CubeIDE/plugins/com.st.stm32cube.ide.mcu.externaltools.gnu-tools-for-stm32.12.3.rel1.win32_1.1.0.202410251130/tools/bin/../lib/gcc/arm-none-eabi/12.3.1/../../../../arm-none-eabi/lib/thumb/v7-m/nofp\libc_nano.a(libc_a-msizer.o)
                0x08008184                _malloc_usable_size_r
 *(.glue_7)
 .glue_7        0x08008194        0x0 linker stubs
 *(.glue_7t)
 .glue_7t       0x08008194        0x0 linker stubs
 *(.eh_frame)
 .eh_frame      0x08008194        0x0 C:/ST/STM32CubeIDE_1.17.0/STM32CubeIDE/plugins/com.st.stm32cube.ide.mcu.externaltools.gnu-tools-for-stm32.12.3.rel1.win32_1.1.0.202410251130/tools/bin/../lib/gcc/arm-none-eabi/12.3.1/thumb/v7-m/nofp/crtbegin.o
 *(.init)
 .init          0x08008194        0x4 C:/ST/STM32CubeIDE_1.17.0/STM32CubeIDE/plugins/com.st.stm32cube.ide.mcu.externaltools.gnu-tools-for-stm32.12.3.rel1.win32_1.1.0.202410251130/tools/bin/../lib/gcc/arm-none-eabi/12.3.1/thumb/v7-m/nofp/crti.o
                0x08008194                _init
 .init          0x08008198        0x8 C:/ST/STM32CubeIDE_1.17.0/STM32CubeIDE/plugins/com.st.stm32cube.ide.mcu.externaltools.gnu-tools-for-stm32.12.3.rel1.win32_1.1.0.202410251130/tools/bin/../lib/gcc/arm-none-eabi/12.3.1/thumb/v7-m/nofp/crtn.o
 *(.fini)
 .fini          0x080081a0        0x4 C:/ST/STM32CubeIDE_1.17.0/STM32CubeIDE/plugins/com.st.stm32cube.ide.mcu.externaltools.gnu-tools-for-stm32.12.3.rel1.win32_1.1.0.202410251130/tools/bin/../lib/gcc/arm-none-eabi/12.3.1/thumb/v7-m/nofp/crti.o
                0x080081a0                _fini
 .fini          0x080081a4        0x8 C:/ST/STM32CubeIDE_1.17.0/STM32CubeIDE/plugins/com.st.stm32cube.ide.mcu.externaltools.gnu-tools-for-stm32.12.3.rel1.win32_1.1.0.202410251130/tools/bin/../lib/gcc/arm-none-eabi/12.3.1/thumb/v7-m/nofp/crtn.o
                0x080081ac                        . = ALIGN (0x4)
                0x080081ac                        _etext = .

.vfp11_veneer   0x080081ac        0x0
 .vfp11_veneer  0x080081ac        0x0 linker stubs

.v4_bx          0x080081ac        0x0
 .v4_bx         0x080081ac        0x0 linker stubs

.iplt           0x080081ac        0x0
 .iplt          0x080081ac        0x0 C:/ST/STM32CubeIDE_1.17.0/STM32CubeIDE/plugins/com.st.stm32cube.ide.mcu.externaltools.gnu-tools-for-stm32.12.3.rel1.win32_1.1.0.202410251130/tools/bin/../lib/gcc/arm-none-eabi/12.3.1/thumb/v7-m/nofp/crtbegin.o

.rodata         0x080081ac       0x84
                0x080081ac                        . = ALIGN (0x4)
 *(.rodata)
 .rodata        0x080081ac        0xe ./Core/Src/main.o
 *(.rodata*)
 *fill*         0x080081ba        0x2 
 .rodata.AHBPrescTable
                0x080081bc       0x10 ./Core/Src/system_stm32f1xx.o
                0x080081bc                AHBPrescTable
 .rodata.APBPrescTable
                0x080081cc        0x8 ./Core/Src/system_stm32f1xx.o
                0x080081cc                APBPrescTable
 .rodata.aPLLMULFactorTable.1
                0x080081d4       0x10 ./Drivers/STM32F1xx_HAL_Driver/Src/stm32f1xx_hal_rcc.o
 .rodata.aPredivFactorTable.0
                0x080081e4        0x2 ./Drivers/STM32F1xx_HAL_Driver/Src/stm32f1xx_hal_rcc.o
 *fill*         0x080081e6        0x2 
 .rodata.aPLLMULFactorTable.1
                0x080081e8       0x10 ./Drivers/STM32F1xx_HAL_Driver/Src/stm32f1xx_hal_rcc_ex.o
 .rodata.aPredivFactorTable.0
                0x080081f8        0x2 ./Drivers/STM32F1xx_HAL_Driver/Src/stm32f1xx_hal_rcc_ex.o
 .rodata._svfprintf_r.str1.1
                0x080081fa       0x11 C:/ST/STM32CubeIDE_1.17.0/STM32CubeIDE/plugins/com.st.stm32cube.ide.mcu.externaltools.gnu-tools-for-stm32.12.3.rel1.win32_1.1.0.202410251130/tools/bin/../lib/gcc/arm-none-eabi/12.3.1/../../../../arm-none-eabi/lib/thumb/v7-m/nofp\libc_nano.a(libc_a-nano-svfprintf.o)
 .rodata._printf_i.str1.1
                0x0800820b       0x22 C:/ST/STM32CubeIDE_1.17.0/STM32CubeIDE/plugins/com.st.stm32cube.ide.mcu.externaltools.gnu-tools-for-stm32.12.3.rel1.win32_1.1.0.202410251130/tools/bin/../lib/gcc/arm-none-eabi/12.3.1/../../../../arm-none-eabi/lib/thumb/v7-m/nofp\libc_nano.a(libc_a-nano-vfprintf_i.o)
                0x08008230                        . = ALIGN (0x4)
 *fill*         0x0800822d        0x3 

.ARM.extab      0x08008230        0x0
                0x08008230                        . = ALIGN (0x4)
 *(.ARM.extab* .gnu.linkonce.armextab.*)
                0x08008230                        . = ALIGN (0x4)

.ARM            0x08008230        0x0
                0x08008230                        . = ALIGN (0x4)
                0x08008230                        __exidx_start = .
 *(.ARM.exidx*)
                0x08008230                        __exidx_end = .
                0x08008230                        . = ALIGN (0x4)

.preinit_array  0x08008230        0x0
                0x08008230                        . = ALIGN (0x4)
                0x08008230                        PROVIDE (__preinit_array_start = .)
 *(.preinit_array*)
                0x08008230                        PROVIDE (__preinit_array_end = .)
                0x08008230                        . = ALIGN (0x4)

.init_array     0x08008230        0x4
                0x08008230                        . = ALIGN (0x4)
                0x08008230                        PROVIDE (__init_array_start = .)
 *(SORT_BY_NAME(.init_array.*))
 *(.init_array*)
 .init_array    0x08008230        0x4 C:/ST/STM32CubeIDE_1.17.0/STM32CubeIDE/plugins/com.st.stm32cube.ide.mcu.externaltools.gnu-tools-for-stm32.12.3.rel1.win32_1.1.0.202410251130/tools/bin/../lib/gcc/arm-none-eabi/12.3.1/thumb/v7-m/nofp/crtbegin.o
                0x08008234                        PROVIDE (__init_array_end = .)
                0x08008234                        . = ALIGN (0x4)

.fini_array     0x08008234        0x4
                0x08008234                        . = ALIGN (0x4)
                [!provide]                        PROVIDE (__fini_array_start = .)
 *(SORT_BY_NAME(.fini_array.*))
 *(.fini_array*)
 .fini_array    0x08008234        0x4 C:/ST/STM32CubeIDE_1.17.0/STM32CubeIDE/plugins/com.st.stm32cube.ide.mcu.externaltools.gnu-tools-for-stm32.12.3.rel1.win32_1.1.0.202410251130/tools/bin/../lib/gcc/arm-none-eabi/12.3.1/thumb/v7-m/nofp/crtbegin.o
                [!provide]                        PROVIDE (__fini_array_end = .)
                0x08008238                        . = ALIGN (0x4)
                0x08008238                        _sidata = LOADADDR (.data)

.rel.dyn        0x08008238        0x0
 .rel.iplt      0x08008238        0x0 C:/ST/STM32CubeIDE_1.17.0/STM32CubeIDE/plugins/com.st.stm32cube.ide.mcu.externaltools.gnu-tools-for-stm32.12.3.rel1.win32_1.1.0.202410251130/tools/bin/../lib/gcc/arm-none-eabi/12.3.1/thumb/v7-m/nofp/crtbegin.o

.data           0x20000000      0x640 load address 0x08008238
                0x20000000                        . = ALIGN (0x4)
                0x20000000                        _sdata = .
 *(.data)
 *(.data*)
 .data.spwm_arr
                0x20000000      0x5a0 ./Core/Src/main.o
                0x20000000                spwm_arr
 .data.Period_uart
                0x200005a0        0x2 ./Core/Src/main.o
                0x200005a0                Period_uart
 *fill*         0x200005a2        0x2 
 .data.Period_cmd
                0x200005a4        0x4 ./Core/Src/main.o
                0x200005a4                Period_cmd
 .data.i2c1_go  0x200005a8        0x1 ./Core/Src/main.o
                0x200005a8                i2c1_go
 .data.uart1_go
                0x200005a9        0x1 ./Core/Src/main.o
                0x200005a9                uart1_go
 .data.adc1_go  0x200005aa        0x1 ./Core/Src/main.o
                0x200005aa                adc1_go
 *fill*         0x200005ab        0x1 
 .data.current_offset
                0x200005ac        0x2 ./Core/Src/main.o
                0x200005ac                current_offset
 *fill*         0x200005ae        0x2 
 .data.lpf_current_alpha
                0x200005b0        0x8 ./Core/Src/main.o
                0x200005b0                lpf_current_alpha
 .data.lpf_speed_alpha
                0x200005b8        0x8 ./Core/Src/main.o
                0x200005b8                lpf_speed_alpha
 .data.motor_current_gain_P
                0x200005c0        0x4 ./Core/Src/main.o
                0x200005c0                motor_current_gain_P
 .data.motor_current_gain_I
                0x200005c4        0x4 ./Core/Src/main.o
                0x200005c4                motor_current_gain_I
 .data.motor_speed_gain_P
                0x200005c8        0x4 ./Core/Src/main.o
                0x200005c8                motor_speed_gain_P
 .data.motor_speed_gain_I
                0x200005cc        0x4 ./Core/Src/main.o
                0x200005cc                motor_speed_gain_I
 .data.motor_current_term_I_max
                0x200005d0        0x8 ./Core/Src/main.o
                0x200005d0                motor_current_term_I_max
 .data.motor_speed_term_I_max
                0x200005d8        0x8 ./Core/Src/main.o
                0x200005d8                motor_speed_term_I_max
 .data.motor_speed_control_dir
                0x200005e0        0x1 ./Core/Src/main.o
                0x200005e0                motor_speed_control_dir
 *fill*         0x200005e1        0x3 
 .data.SystemCoreClock
                0x200005e4        0x4 ./Core/Src/system_stm32f1xx.o
                0x200005e4                SystemCoreClock
 .data.uwTickPrio
                0x200005e8        0x4 ./Drivers/STM32F1xx_HAL_Driver/Src/stm32f1xx_hal.o
                0x200005e8                uwTickPrio
 .data.uwTickFreq
                0x200005ec        0x1 ./Drivers/STM32F1xx_HAL_Driver/Src/stm32f1xx_hal.o
                0x200005ec                uwTickFreq
 *fill*         0x200005ed        0x3 
 .data._impure_ptr
                0x200005f0        0x4 C:/ST/STM32CubeIDE_1.17.0/STM32CubeIDE/plugins/com.st.stm32cube.ide.mcu.externaltools.gnu-tools-for-stm32.12.3.rel1.win32_1.1.0.202410251130/tools/bin/../lib/gcc/arm-none-eabi/12.3.1/../../../../arm-none-eabi/lib/thumb/v7-m/nofp\libc_nano.a(libc_a-impure.o)
                0x200005f0                _impure_ptr
 .data._impure_data
                0x200005f4       0x4c C:/ST/STM32CubeIDE_1.17.0/STM32CubeIDE/plugins/com.st.stm32cube.ide.mcu.externaltools.gnu-tools-for-stm32.12.3.rel1.win32_1.1.0.202410251130/tools/bin/../lib/gcc/arm-none-eabi/12.3.1/../../../../arm-none-eabi/lib/thumb/v7-m/nofp\libc_nano.a(libc_a-impure.o)
                0x200005f4                _impure_data
 *(.RamFunc)
 *(.RamFunc*)
                0x20000640                        . = ALIGN (0x4)
                0x20000640                        _edata = .

.igot.plt       0x20000640        0x0 load address 0x08008878
 .igot.plt      0x20000640        0x0 C:/ST/STM32CubeIDE_1.17.0/STM32CubeIDE/plugins/com.st.stm32cube.ide.mcu.externaltools.gnu-tools-for-stm32.12.3.rel1.win32_1.1.0.202410251130/tools/bin/../lib/gcc/arm-none-eabi/12.3.1/thumb/v7-m/nofp/crtbegin.o
                0x20000640                        . = ALIGN (0x4)

.bss            0x20000640      0x410 load address 0x08008878
                0x20000640                        _sbss = .
                0x20000640                        __bss_start__ = _sbss
 *(.bss)
 .bss           0x20000640       0x1c C:/ST/STM32CubeIDE_1.17.0/STM32CubeIDE/plugins/com.st.stm32cube.ide.mcu.externaltools.gnu-tools-for-stm32.12.3.rel1.win32_1.1.0.202410251130/tools/bin/../lib/gcc/arm-none-eabi/12.3.1/thumb/v7-m/nofp/crtbegin.o
 *(.bss*)
 .bss.hadc1     0x2000065c       0x30 ./Core/Src/main.o
                0x2000065c                hadc1
 .bss.hi2c1     0x2000068c       0x54 ./Core/Src/main.o
                0x2000068c                hi2c1
 .bss.htim1     0x200006e0       0x48 ./Core/Src/main.o
                0x200006e0                htim1
 .bss.htim2     0x20000728       0x48 ./Core/Src/main.o
                0x20000728                htim2
 .bss.htim3     0x20000770       0x48 ./Core/Src/main.o
                0x20000770                htim3
 .bss.huart1    0x200007b8       0x48 ./Core/Src/main.o
                0x200007b8                huart1
 .bss.T         0x20000800        0x2 ./Core/Src/main.o
                0x20000800                T
 .bss.T_prev    0x20000802        0x2 ./Core/Src/main.o
                0x20000802                T_prev
 .bss.dt        0x20000804        0x2 ./Core/Src/main.o
                0x20000804                dt
 .bss.T_uart    0x20000806        0x2 ./Core/Src/main.o
                0x20000806                T_uart
 .bss.T_cmd     0x20000808        0x4 ./Core/Src/main.o
                0x20000808                T_cmd
 .bss.encoder_T
                0x2000080c        0x2 ./Core/Src/main.o
                0x2000080c                encoder_T
 .bss.encoder_T_prev
                0x2000080e        0x2 ./Core/Src/main.o
                0x2000080e                encoder_T_prev
 .bss.encoder_dt
                0x20000810        0x2 ./Core/Src/main.o
                0x20000810                encoder_dt
 .bss.i2c1_buf_H
                0x20000812        0x1 ./Core/Src/main.o
                0x20000812                i2c1_buf_H
 .bss.i2c1_buf_L
                0x20000813        0x1 ./Core/Src/main.o
                0x20000813                i2c1_buf_L
 .bss.encoder_value
                0x20000814        0x2 ./Core/Src/main.o
                0x20000814                encoder_value
 .bss.encoder_value_prev
                0x20000816        0x2 ./Core/Src/main.o
                0x20000816                encoder_value_prev
 .bss.encoder_speed
                0x20000818        0x2 ./Core/Src/main.o
                0x20000818                encoder_speed
 .bss.encoder_speed_prev
                0x2000081a        0x2 ./Core/Src/main.o
                0x2000081a                encoder_speed_prev
 .bss.encoder_acc
                0x2000081c        0x2 ./Core/Src/main.o
                0x2000081c                encoder_acc
 .bss.encoder_value_filtered
                0x2000081e        0x2 ./Core/Src/main.o
                0x2000081e                encoder_value_filtered
 .bss.encoder_speed_filtered
                0x20000820        0x2 ./Core/Src/main.o
                0x20000820                encoder_speed_filtered
 *fill*         0x20000822        0x6 
 .bss.encoder_speed_filtered_dt
                0x20000828        0x8 ./Core/Src/main.o
                0x20000828                encoder_speed_filtered_dt
 .bss.encoder_speed_filtered_dt_prev
                0x20000830        0x8 ./Core/Src/main.o
                0x20000830                encoder_speed_filtered_dt_prev
 .bss.encoder_accel_filtered_dt
                0x20000838        0x8 ./Core/Src/main.o
                0x20000838                encoder_accel_filtered_dt
 .bss.encoder_value_multi_turn
                0x20000840        0x2 ./Core/Src/main.o
                0x20000840                encoder_value_multi_turn
 .bss.encoder_turn
                0x20000842        0x2 ./Core/Src/main.o
                0x20000842                encoder_turn
 .bss.i2c1_proc
                0x20000844        0x1 ./Core/Src/main.o
                0x20000844                i2c1_proc
 .bss.i2c1_err  0x20000845        0x1 ./Core/Src/main.o
                0x20000845                i2c1_err
 .bss.adc1_err  0x20000846        0x1 ./Core/Src/main.o
                0x20000846                adc1_err
 *fill*         0x20000847        0x1 
 .bss.current_value
                0x20000848        0x2 ./Core/Src/main.o
                0x20000848                current_value
 *fill*         0x2000084a        0x6 
 .bss.current_value_lpf
                0x20000850        0x8 ./Core/Src/main.o
                0x20000850                current_value_lpf
 .bss.lpf_current_output_prev
                0x20000858        0x8 ./Core/Src/main.o
                0x20000858                lpf_current_output_prev
 .bss.lpf_speed_output_prev
                0x20000860        0x8 ./Core/Src/main.o
                0x20000860                lpf_speed_output_prev
 .bss.motor_speed_gain_A
                0x20000868        0x4 ./Core/Src/main.o
                0x20000868                motor_speed_gain_A
 .bss.motor_position
                0x2000086c        0x2 ./Core/Src/main.o
                0x2000086c                motor_position
 .bss.motor_position_prev
                0x2000086e        0x2 ./Core/Src/main.o
                0x2000086e                motor_position_prev
 .bss.motor_speed
                0x20000870        0x8 ./Core/Src/main.o
                0x20000870                motor_speed
 .bss.motor_speed_prev
                0x20000878        0x8 ./Core/Src/main.o
                0x20000878                motor_speed_prev
 .bss.motor_current
                0x20000880        0x8 ./Core/Src/main.o
                0x20000880                motor_current
 .bss.motor_current_cmd
                0x20000888        0x8 ./Core/Src/main.o
                0x20000888                motor_current_cmd
 .bss.motor_current_error
                0x20000890        0x8 ./Core/Src/main.o
                0x20000890                motor_current_error
 .bss.motor_current_term_P
                0x20000898        0x8 ./Core/Src/main.o
                0x20000898                motor_current_term_P
 .bss.motor_current_term_I
                0x200008a0        0x8 ./Core/Src/main.o
                0x200008a0                motor_current_term_I
 .bss.motor_current_control_out
                0x200008a8        0x8 ./Core/Src/main.o
                0x200008a8                motor_current_control_out
 .bss.motor_speed_cmd
                0x200008b0        0x8 ./Core/Src/main.o
                0x200008b0                motor_speed_cmd
 .bss.motor_speed_cmd_prev
                0x200008b8        0x8 ./Core/Src/main.o
                0x200008b8                motor_speed_cmd_prev
 .bss.motor_accel_cmd
                0x200008c0        0x8 ./Core/Src/main.o
                0x200008c0                motor_accel_cmd
 .bss.motor_accel_error
                0x200008c8        0x8 ./Core/Src/main.o
                0x200008c8                motor_accel_error
 .bss.motor_speed_error
                0x200008d0        0x8 ./Core/Src/main.o
                0x200008d0                motor_speed_error
 .bss.motor_speed_term_P
                0x200008d8        0x8 ./Core/Src/main.o
                0x200008d8                motor_speed_term_P
 .bss.motor_speed_term_I
                0x200008e0        0x8 ./Core/Src/main.o
                0x200008e0                motor_speed_term_I
 .bss.motor_speed_term_A
                0x200008e8        0x8 ./Core/Src/main.o
                0x200008e8                motor_speed_term_A
 .bss.motor_speed_control_out
                0x200008f0        0x8 ./Core/Src/main.o
                0x200008f0                motor_speed_control_out
 .bss.motor_speed_plot
                0x200008f8        0x2 ./Core/Src/main.o
                0x200008f8                motor_speed_plot
 .bss.motor_speed_cmd_plot
                0x200008fa        0x2 ./Core/Src/main.o
                0x200008fa                motor_speed_cmd_plot
 .bss.motor_current_plot
                0x200008fc        0x2 ./Core/Src/main.o
                0x200008fc                motor_current_plot
 .bss.motor_current_cmd_plot
                0x200008fe        0x2 ./Core/Src/main.o
                0x200008fe                motor_current_cmd_plot
 .bss.__sbrk_heap_end
                0x20000900        0x4 ./Core/Src/sysmem.o
 .bss.uwTick    0x20000904        0x4 ./Drivers/STM32F1xx_HAL_Driver/Src/stm32f1xx_hal.o
                0x20000904                uwTick
 .bss.__sf      0x20000908      0x138 C:/ST/STM32CubeIDE_1.17.0/STM32CubeIDE/plugins/com.st.stm32cube.ide.mcu.externaltools.gnu-tools-for-stm32.12.3.rel1.win32_1.1.0.202410251130/tools/bin/../lib/gcc/arm-none-eabi/12.3.1/../../../../arm-none-eabi/lib/thumb/v7-m/nofp\libc_nano.a(libc_a-findfp.o)
                0x20000908                __sf
 .bss.errno     0x20000a40        0x4 C:/ST/STM32CubeIDE_1.17.0/STM32CubeIDE/plugins/com.st.stm32cube.ide.mcu.externaltools.gnu-tools-for-stm32.12.3.rel1.win32_1.1.0.202410251130/tools/bin/../lib/gcc/arm-none-eabi/12.3.1/../../../../arm-none-eabi/lib/thumb/v7-m/nofp\libc_nano.a(libc_a-reent.o)
                0x20000a40                errno
 .bss.__lock___malloc_recursive_mutex
                0x20000a44        0x1 C:/ST/STM32CubeIDE_1.17.0/STM32CubeIDE/plugins/com.st.stm32cube.ide.mcu.externaltools.gnu-tools-for-stm32.12.3.rel1.win32_1.1.0.202410251130/tools/bin/../lib/gcc/arm-none-eabi/12.3.1/../../../../arm-none-eabi/lib/thumb/v7-m/nofp\libc_nano.a(libc_a-lock.o)
                0x20000a44                __lock___malloc_recursive_mutex
 *fill*         0x20000a45        0x3 
 .bss.__malloc_sbrk_start
                0x20000a48        0x4 C:/ST/STM32CubeIDE_1.17.0/STM32CubeIDE/plugins/com.st.stm32cube.ide.mcu.externaltools.gnu-tools-for-stm32.12.3.rel1.win32_1.1.0.202410251130/tools/bin/../lib/gcc/arm-none-eabi/12.3.1/../../../../arm-none-eabi/lib/thumb/v7-m/nofp\libc_nano.a(libc_a-mallocr.o)
                0x20000a48                __malloc_sbrk_start
 .bss.__malloc_free_list
                0x20000a4c        0x4 C:/ST/STM32CubeIDE_1.17.0/STM32CubeIDE/plugins/com.st.stm32cube.ide.mcu.externaltools.gnu-tools-for-stm32.12.3.rel1.win32_1.1.0.202410251130/tools/bin/../lib/gcc/arm-none-eabi/12.3.1/../../../../arm-none-eabi/lib/thumb/v7-m/nofp\libc_nano.a(libc_a-mallocr.o)
                0x20000a4c                __malloc_free_list
 *(COMMON)
                0x20000a50                        . = ALIGN (0x4)
                0x20000a50                        _ebss = .
                0x20000a50                        __bss_end__ = _ebss

._user_heap_stack
                0x20000a50      0x600 load address 0x08008878
                0x20000a50                        . = ALIGN (0x8)
                [!provide]                        PROVIDE (end = .)
                0x20000a50                        PROVIDE (_end = .)
                0x20000c50                        . = (. + _Min_Heap_Size)
 *fill*         0x20000a50      0x200 
                0x20001050                        . = (. + _Min_Stack_Size)
 *fill*         0x20000c50      0x400 
                0x20001050                        . = ALIGN (0x8)

/DISCARD/
 libc.a(*)
 libm.a(*)
 libgcc.a(*)

.ARM.attributes
                0x00000000       0x29
 *(.ARM.attributes)
 .ARM.attributes
                0x00000000       0x1d C:/ST/STM32CubeIDE_1.17.0/STM32CubeIDE/plugins/com.st.stm32cube.ide.mcu.externaltools.gnu-tools-for-stm32.12.3.rel1.win32_1.1.0.202410251130/tools/bin/../lib/gcc/arm-none-eabi/12.3.1/thumb/v7-m/nofp/crti.o
 .ARM.attributes
                0x0000001d       0x2d C:/ST/STM32CubeIDE_1.17.0/STM32CubeIDE/plugins/com.st.stm32cube.ide.mcu.externaltools.gnu-tools-for-stm32.12.3.rel1.win32_1.1.0.202410251130/tools/bin/../lib/gcc/arm-none-eabi/12.3.1/thumb/v7-m/nofp/crtbegin.o
 .ARM.attributes
                0x0000004a       0x2d ./Core/Src/main.o
 .ARM.attributes
                0x00000077       0x2d ./Core/Src/stm32f1xx_hal_msp.o
 .ARM.attributes
                0x000000a4       0x2d ./Core/Src/stm32f1xx_it.o
 .ARM.attributes
                0x000000d1       0x2d ./Core/Src/sysmem.o
 .ARM.attributes
                0x000000fe       0x2d ./Core/Src/system_stm32f1xx.o
 .ARM.attributes
                0x0000012b       0x21 ./Core/Startup/startup_stm32f103c8tx.o
 .ARM.attributes
                0x0000014c       0x2d ./Drivers/STM32F1xx_HAL_Driver/Src/stm32f1xx_hal.o
 .ARM.attributes
                0x00000179       0x2d ./Drivers/STM32F1xx_HAL_Driver/Src/stm32f1xx_hal_adc.o
 .ARM.attributes
                0x000001a6       0x2d ./Drivers/STM32F1xx_HAL_Driver/Src/stm32f1xx_hal_adc_ex.o
 .ARM.attributes
                0x000001d3       0x2d ./Drivers/STM32F1xx_HAL_Driver/Src/stm32f1xx_hal_cortex.o
 .ARM.attributes
                0x00000200       0x2d ./Drivers/STM32F1xx_HAL_Driver/Src/stm32f1xx_hal_dma.o
 .ARM.attributes
                0x0000022d       0x2d ./Drivers/STM32F1xx_HAL_Driver/Src/stm32f1xx_hal_gpio.o
 .ARM.attributes
                0x0000025a       0x2d ./Drivers/STM32F1xx_HAL_Driver/Src/stm32f1xx_hal_i2c.o
 .ARM.attributes
                0x00000287       0x2d ./Drivers/STM32F1xx_HAL_Driver/Src/stm32f1xx_hal_rcc.o
 .ARM.attributes
                0x000002b4       0x2d ./Drivers/STM32F1xx_HAL_Driver/Src/stm32f1xx_hal_rcc_ex.o
 .ARM.attributes
                0x000002e1       0x2d ./Drivers/STM32F1xx_HAL_Driver/Src/stm32f1xx_hal_tim.o
 .ARM.attributes
                0x0000030e       0x2d ./Drivers/STM32F1xx_HAL_Driver/Src/stm32f1xx_hal_tim_ex.o
 .ARM.attributes
                0x0000033b       0x2d ./Drivers/STM32F1xx_HAL_Driver/Src/stm32f1xx_hal_uart.o
 .ARM.attributes
                0x00000368       0x2d C:/ST/STM32CubeIDE_1.17.0/STM32CubeIDE/plugins/com.st.stm32cube.ide.mcu.externaltools.gnu-tools-for-stm32.12.3.rel1.win32_1.1.0.202410251130/tools/bin/../lib/gcc/arm-none-eabi/12.3.1/../../../../arm-none-eabi/lib/thumb/v7-m/nofp\libc_nano.a(libc_a-findfp.o)
 .ARM.attributes
                0x00000395       0x2d C:/ST/STM32CubeIDE_1.17.0/STM32CubeIDE/plugins/com.st.stm32cube.ide.mcu.externaltools.gnu-tools-for-stm32.12.3.rel1.win32_1.1.0.202410251130/tools/bin/../lib/gcc/arm-none-eabi/12.3.1/../../../../arm-none-eabi/lib/thumb/v7-m/nofp\libc_nano.a(libc_a-sprintf.o)
 .ARM.attributes
                0x000003c2       0x2d C:/ST/STM32CubeIDE_1.17.0/STM32CubeIDE/plugins/com.st.stm32cube.ide.mcu.externaltools.gnu-tools-for-stm32.12.3.rel1.win32_1.1.0.202410251130/tools/bin/../lib/gcc/arm-none-eabi/12.3.1/../../../../arm-none-eabi/lib/thumb/v7-m/nofp\libc_nano.a(libc_a-memset.o)
 .ARM.attributes
                0x000003ef       0x2d C:/ST/STM32CubeIDE_1.17.0/STM32CubeIDE/plugins/com.st.stm32cube.ide.mcu.externaltools.gnu-tools-for-stm32.12.3.rel1.win32_1.1.0.202410251130/tools/bin/../lib/gcc/arm-none-eabi/12.3.1/../../../../arm-none-eabi/lib/thumb/v7-m/nofp\libc_nano.a(libc_a-reent.o)
 .ARM.attributes
                0x0000041c       0x2d C:/ST/STM32CubeIDE_1.17.0/STM32CubeIDE/plugins/com.st.stm32cube.ide.mcu.externaltools.gnu-tools-for-stm32.12.3.rel1.win32_1.1.0.202410251130/tools/bin/../lib/gcc/arm-none-eabi/12.3.1/../../../../arm-none-eabi/lib/thumb/v7-m/nofp\libc_nano.a(libc_a-impure.o)
 .ARM.attributes
                0x00000449       0x2d C:/ST/STM32CubeIDE_1.17.0/STM32CubeIDE/plugins/com.st.stm32cube.ide.mcu.externaltools.gnu-tools-for-stm32.12.3.rel1.win32_1.1.0.202410251130/tools/bin/../lib/gcc/arm-none-eabi/12.3.1/../../../../arm-none-eabi/lib/thumb/v7-m/nofp\libc_nano.a(libc_a-errno.o)
 .ARM.attributes
                0x00000476       0x2d C:/ST/STM32CubeIDE_1.17.0/STM32CubeIDE/plugins/com.st.stm32cube.ide.mcu.externaltools.gnu-tools-for-stm32.12.3.rel1.win32_1.1.0.202410251130/tools/bin/../lib/gcc/arm-none-eabi/12.3.1/../../../../arm-none-eabi/lib/thumb/v7-m/nofp\libc_nano.a(libc_a-init.o)
 .ARM.attributes
                0x000004a3       0x2d C:/ST/STM32CubeIDE_1.17.0/STM32CubeIDE/plugins/com.st.stm32cube.ide.mcu.externaltools.gnu-tools-for-stm32.12.3.rel1.win32_1.1.0.202410251130/tools/bin/../lib/gcc/arm-none-eabi/12.3.1/../../../../arm-none-eabi/lib/thumb/v7-m/nofp\libc_nano.a(libc_a-lock.o)
 .ARM.attributes
                0x000004d0       0x2d C:/ST/STM32CubeIDE_1.17.0/STM32CubeIDE/plugins/com.st.stm32cube.ide.mcu.externaltools.gnu-tools-for-stm32.12.3.rel1.win32_1.1.0.202410251130/tools/bin/../lib/gcc/arm-none-eabi/12.3.1/../../../../arm-none-eabi/lib/thumb/v7-m/nofp\libc_nano.a(libc_a-freer.o)
 .ARM.attributes
                0x000004fd       0x2d C:/ST/STM32CubeIDE_1.17.0/STM32CubeIDE/plugins/com.st.stm32cube.ide.mcu.externaltools.gnu-tools-for-stm32.12.3.rel1.win32_1.1.0.202410251130/tools/bin/../lib/gcc/arm-none-eabi/12.3.1/../../../../arm-none-eabi/lib/thumb/v7-m/nofp\libc_nano.a(libc_a-mallocr.o)
 .ARM.attributes
                0x0000052a       0x2d C:/ST/STM32CubeIDE_1.17.0/STM32CubeIDE/plugins/com.st.stm32cube.ide.mcu.externaltools.gnu-tools-for-stm32.12.3.rel1.win32_1.1.0.202410251130/tools/bin/../lib/gcc/arm-none-eabi/12.3.1/../../../../arm-none-eabi/lib/thumb/v7-m/nofp\libc_nano.a(libc_a-mlock.o)
 .ARM.attributes
                0x00000557       0x2d C:/ST/STM32CubeIDE_1.17.0/STM32CubeIDE/plugins/com.st.stm32cube.ide.mcu.externaltools.gnu-tools-for-stm32.12.3.rel1.win32_1.1.0.202410251130/tools/bin/../lib/gcc/arm-none-eabi/12.3.1/../../../../arm-none-eabi/lib/thumb/v7-m/nofp\libc_nano.a(libc_a-nano-svfprintf.o)
 .ARM.attributes
                0x00000584       0x2d C:/ST/STM32CubeIDE_1.17.0/STM32CubeIDE/plugins/com.st.stm32cube.ide.mcu.externaltools.gnu-tools-for-stm32.12.3.rel1.win32_1.1.0.202410251130/tools/bin/../lib/gcc/arm-none-eabi/12.3.1/../../../../arm-none-eabi/lib/thumb/v7-m/nofp\libc_nano.a(libc_a-nano-vfprintf_i.o)
 .ARM.attributes
                0x000005b1       0x2d C:/ST/STM32CubeIDE_1.17.0/STM32CubeIDE/plugins/com.st.stm32cube.ide.mcu.externaltools.gnu-tools-for-stm32.12.3.rel1.win32_1.1.0.202410251130/tools/bin/../lib/gcc/arm-none-eabi/12.3.1/../../../../arm-none-eabi/lib/thumb/v7-m/nofp\libc_nano.a(libc_a-memmove.o)
 .ARM.attributes
                0x000005de       0x2d C:/ST/STM32CubeIDE_1.17.0/STM32CubeIDE/plugins/com.st.stm32cube.ide.mcu.externaltools.gnu-tools-for-stm32.12.3.rel1.win32_1.1.0.202410251130/tools/bin/../lib/gcc/arm-none-eabi/12.3.1/../../../../arm-none-eabi/lib/thumb/v7-m/nofp\libc_nano.a(libc_a-sbrkr.o)
 .ARM.attributes
                0x0000060b       0x2d C:/ST/STM32CubeIDE_1.17.0/STM32CubeIDE/plugins/com.st.stm32cube.ide.mcu.externaltools.gnu-tools-for-stm32.12.3.rel1.win32_1.1.0.202410251130/tools/bin/../lib/gcc/arm-none-eabi/12.3.1/../../../../arm-none-eabi/lib/thumb/v7-m/nofp\libc_nano.a(libc_a-memchr-stub.o)
 .ARM.attributes
                0x00000638       0x2d C:/ST/STM32CubeIDE_1.17.0/STM32CubeIDE/plugins/com.st.stm32cube.ide.mcu.externaltools.gnu-tools-for-stm32.12.3.rel1.win32_1.1.0.202410251130/tools/bin/../lib/gcc/arm-none-eabi/12.3.1/../../../../arm-none-eabi/lib/thumb/v7-m/nofp\libc_nano.a(libc_a-memcpy-stub.o)
 .ARM.attributes
                0x00000665       0x2d C:/ST/STM32CubeIDE_1.17.0/STM32CubeIDE/plugins/com.st.stm32cube.ide.mcu.externaltools.gnu-tools-for-stm32.12.3.rel1.win32_1.1.0.202410251130/tools/bin/../lib/gcc/arm-none-eabi/12.3.1/../../../../arm-none-eabi/lib/thumb/v7-m/nofp\libc_nano.a(libc_a-reallocr.o)
 .ARM.attributes
                0x00000692       0x2d C:/ST/STM32CubeIDE_1.17.0/STM32CubeIDE/plugins/com.st.stm32cube.ide.mcu.externaltools.gnu-tools-for-stm32.12.3.rel1.win32_1.1.0.202410251130/tools/bin/../lib/gcc/arm-none-eabi/12.3.1/../../../../arm-none-eabi/lib/thumb/v7-m/nofp\libc_nano.a(libc_a-msizer.o)
 .ARM.attributes
                0x000006bf       0x1d C:/ST/STM32CubeIDE_1.17.0/STM32CubeIDE/plugins/com.st.stm32cube.ide.mcu.externaltools.gnu-tools-for-stm32.12.3.rel1.win32_1.1.0.202410251130/tools/bin/../lib/gcc/arm-none-eabi/12.3.1/thumb/v7-m/nofp\libgcc.a(_arm_addsubdf3.o)
 .ARM.attributes
                0x000006dc       0x1d C:/ST/STM32CubeIDE_1.17.0/STM32CubeIDE/plugins/com.st.stm32cube.ide.mcu.externaltools.gnu-tools-for-stm32.12.3.rel1.win32_1.1.0.202410251130/tools/bin/../lib/gcc/arm-none-eabi/12.3.1/thumb/v7-m/nofp\libgcc.a(_arm_muldivdf3.o)
 .ARM.attributes
                0x000006f9       0x1d C:/ST/STM32CubeIDE_1.17.0/STM32CubeIDE/plugins/com.st.stm32cube.ide.mcu.externaltools.gnu-tools-for-stm32.12.3.rel1.win32_1.1.0.202410251130/tools/bin/../lib/gcc/arm-none-eabi/12.3.1/thumb/v7-m/nofp\libgcc.a(_arm_cmpdf2.o)
 .ARM.attributes
                0x00000716       0x1d C:/ST/STM32CubeIDE_1.17.0/STM32CubeIDE/plugins/com.st.stm32cube.ide.mcu.externaltools.gnu-tools-for-stm32.12.3.rel1.win32_1.1.0.202410251130/tools/bin/../lib/gcc/arm-none-eabi/12.3.1/thumb/v7-m/nofp\libgcc.a(_arm_fixdfsi.o)
 .ARM.attributes
                0x00000733       0x1d C:/ST/STM32CubeIDE_1.17.0/STM32CubeIDE/plugins/com.st.stm32cube.ide.mcu.externaltools.gnu-tools-for-stm32.12.3.rel1.win32_1.1.0.202410251130/tools/bin/../lib/gcc/arm-none-eabi/12.3.1/thumb/v7-m/nofp\libgcc.a(_arm_fixunsdfsi.o)
 .ARM.attributes
                0x00000750       0x1d C:/ST/STM32CubeIDE_1.17.0/STM32CubeIDE/plugins/com.st.stm32cube.ide.mcu.externaltools.gnu-tools-for-stm32.12.3.rel1.win32_1.1.0.202410251130/tools/bin/../lib/gcc/arm-none-eabi/12.3.1/thumb/v7-m/nofp\libgcc.a(_arm_addsubsf3.o)
 .ARM.attributes
                0x0000076d       0x1d C:/ST/STM32CubeIDE_1.17.0/STM32CubeIDE/plugins/com.st.stm32cube.ide.mcu.externaltools.gnu-tools-for-stm32.12.3.rel1.win32_1.1.0.202410251130/tools/bin/../lib/gcc/arm-none-eabi/12.3.1/thumb/v7-m/nofp\libgcc.a(_arm_muldivsf3.o)
 .ARM.attributes
                0x0000078a       0x1d C:/ST/STM32CubeIDE_1.17.0/STM32CubeIDE/plugins/com.st.stm32cube.ide.mcu.externaltools.gnu-tools-for-stm32.12.3.rel1.win32_1.1.0.202410251130/tools/bin/../lib/gcc/arm-none-eabi/12.3.1/thumb/v7-m/nofp\libgcc.a(_arm_fixunssfsi.o)
 .ARM.attributes
                0x000007a7       0x1d C:/ST/STM32CubeIDE_1.17.0/STM32CubeIDE/plugins/com.st.stm32cube.ide.mcu.externaltools.gnu-tools-for-stm32.12.3.rel1.win32_1.1.0.202410251130/tools/bin/../lib/gcc/arm-none-eabi/12.3.1/thumb/v7-m/nofp/crtn.o
OUTPUT(BLDC_Cogging_Tester_103.elf elf32-littlearm)
LOAD linker stubs
LOAD C:/ST/STM32CubeIDE_1.17.0/STM32CubeIDE/plugins/com.st.stm32cube.ide.mcu.externaltools.gnu-tools-for-stm32.12.3.rel1.win32_1.1.0.202410251130/tools/bin/../lib/gcc/arm-none-eabi/12.3.1/../../../../arm-none-eabi/lib/thumb/v7-m/nofp\libc.a
LOAD C:/ST/STM32CubeIDE_1.17.0/STM32CubeIDE/plugins/com.st.stm32cube.ide.mcu.externaltools.gnu-tools-for-stm32.12.3.rel1.win32_1.1.0.202410251130/tools/bin/../lib/gcc/arm-none-eabi/12.3.1/../../../../arm-none-eabi/lib/thumb/v7-m/nofp\libm.a
LOAD C:/ST/STM32CubeIDE_1.17.0/STM32CubeIDE/plugins/com.st.stm32cube.ide.mcu.externaltools.gnu-tools-for-stm32.12.3.rel1.win32_1.1.0.202410251130/tools/bin/../lib/gcc/arm-none-eabi/12.3.1/thumb/v7-m/nofp\libgcc.a

.debug_info     0x00000000    0x118f4
 .debug_info    0x00000000     0x2169 ./Core/Src/main.o
 .debug_info    0x00002169     0x1380 ./Core/Src/stm32f1xx_hal_msp.o
 .debug_info    0x000034e9      0xe4f ./Core/Src/stm32f1xx_it.o
 .debug_info    0x00004338      0x168 ./Core/Src/sysmem.o
 .debug_info    0x000044a0      0x222 ./Core/Src/system_stm32f1xx.o
 .debug_info    0x000046c2       0x30 ./Core/Startup/startup_stm32f103c8tx.o
 .debug_info    0x000046f2      0x704 ./Drivers/STM32F1xx_HAL_Driver/Src/stm32f1xx_hal.o
 .debug_info    0x00004df6      0xc50 ./Drivers/STM32F1xx_HAL_Driver/Src/stm32f1xx_hal_adc.o
 .debug_info    0x00005a46      0xa10 ./Drivers/STM32F1xx_HAL_Driver/Src/stm32f1xx_hal_adc_ex.o
 .debug_info    0x00006456      0xa87 ./Drivers/STM32F1xx_HAL_Driver/Src/stm32f1xx_hal_cortex.o
 .debug_info    0x00006edd      0x6d2 ./Drivers/STM32F1xx_HAL_Driver/Src/stm32f1xx_hal_dma.o
 .debug_info    0x000075af      0x5ab ./Drivers/STM32F1xx_HAL_Driver/Src/stm32f1xx_hal_gpio.o
 .debug_info    0x00007b5a     0x2524 ./Drivers/STM32F1xx_HAL_Driver/Src/stm32f1xx_hal_i2c.o
 .debug_info    0x0000a07e      0x7d5 ./Drivers/STM32F1xx_HAL_Driver/Src/stm32f1xx_hal_rcc.o
 .debug_info    0x0000a853      0x3c0 ./Drivers/STM32F1xx_HAL_Driver/Src/stm32f1xx_hal_rcc_ex.o
 .debug_info    0x0000ac13     0x2959 ./Drivers/STM32F1xx_HAL_Driver/Src/stm32f1xx_hal_tim.o
 .debug_info    0x0000d56c     0x149b ./Drivers/STM32F1xx_HAL_Driver/Src/stm32f1xx_hal_tim_ex.o
 .debug_info    0x0000ea07     0x2eed ./Drivers/STM32F1xx_HAL_Driver/Src/stm32f1xx_hal_uart.o

.debug_abbrev   0x00000000     0x25e5
 .debug_abbrev  0x00000000      0x3f0 ./Core/Src/main.o
 .debug_abbrev  0x000003f0      0x21e ./Core/Src/stm32f1xx_hal_msp.o
 .debug_abbrev  0x0000060e      0x1ad ./Core/Src/stm32f1xx_it.o
 .debug_abbrev  0x000007bb       0xbc ./Core/Src/sysmem.o
 .debug_abbrev  0x00000877      0x13f ./Core/Src/system_stm32f1xx.o
 .debug_abbrev  0x000009b6       0x24 ./Core/Startup/startup_stm32f103c8tx.o
 .debug_abbrev  0x000009da      0x201 ./Drivers/STM32F1xx_HAL_Driver/Src/stm32f1xx_hal.o
 .debug_abbrev  0x00000bdb      0x225 ./Drivers/STM32F1xx_HAL_Driver/Src/stm32f1xx_hal_adc.o
 .debug_abbrev  0x00000e00      0x249 ./Drivers/STM32F1xx_HAL_Driver/Src/stm32f1xx_hal_adc_ex.o
 .debug_abbrev  0x00001049      0x2f8 ./Drivers/STM32F1xx_HAL_Driver/Src/stm32f1xx_hal_cortex.o
 .debug_abbrev  0x00001341      0x20b ./Drivers/STM32F1xx_HAL_Driver/Src/stm32f1xx_hal_dma.o
 .debug_abbrev  0x0000154c      0x1ca ./Drivers/STM32F1xx_HAL_Driver/Src/stm32f1xx_hal_gpio.o
 .debug_abbrev  0x00001716      0x2a3 ./Drivers/STM32F1xx_HAL_Driver/Src/stm32f1xx_hal_i2c.o
 .debug_abbrev  0x000019b9      0x2b3 ./Drivers/STM32F1xx_HAL_Driver/Src/stm32f1xx_hal_rcc.o
 .debug_abbrev  0x00001c6c      0x188 ./Drivers/STM32F1xx_HAL_Driver/Src/stm32f1xx_hal_rcc_ex.o
 .debug_abbrev  0x00001df4      0x277 ./Drivers/STM32F1xx_HAL_Driver/Src/stm32f1xx_hal_tim.o
 .debug_abbrev  0x0000206b      0x282 ./Drivers/STM32F1xx_HAL_Driver/Src/stm32f1xx_hal_tim_ex.o
 .debug_abbrev  0x000022ed      0x2f8 ./Drivers/STM32F1xx_HAL_Driver/Src/stm32f1xx_hal_uart.o

.debug_aranges  0x00000000     0x10f8
 .debug_aranges
                0x00000000       0xd0 ./Core/Src/main.o
 .debug_aranges
                0x000000d0       0x68 ./Core/Src/stm32f1xx_hal_msp.o
 .debug_aranges
                0x00000138       0x80 ./Core/Src/stm32f1xx_it.o
 .debug_aranges
                0x000001b8       0x20 ./Core/Src/sysmem.o
 .debug_aranges
                0x000001d8       0x28 ./Core/Src/system_stm32f1xx.o
 .debug_aranges
                0x00000200       0x28 ./Core/Startup/startup_stm32f103c8tx.o
 .debug_aranges
                0x00000228       0xe0 ./Drivers/STM32F1xx_HAL_Driver/Src/stm32f1xx_hal.o
 .debug_aranges
                0x00000308       0xf0 ./Drivers/STM32F1xx_HAL_Driver/Src/stm32f1xx_hal_adc.o
 .debug_aranges
                0x000003f8       0x80 ./Drivers/STM32F1xx_HAL_Driver/Src/stm32f1xx_hal_adc_ex.o
 .debug_aranges
                0x00000478      0x100 ./Drivers/STM32F1xx_HAL_Driver/Src/stm32f1xx_hal_cortex.o
 .debug_aranges
                0x00000578       0x80 ./Drivers/STM32F1xx_HAL_Driver/Src/stm32f1xx_hal_dma.o
 .debug_aranges
                0x000005f8       0x58 ./Drivers/STM32F1xx_HAL_Driver/Src/stm32f1xx_hal_gpio.o
 .debug_aranges
                0x00000650      0x2a8 ./Drivers/STM32F1xx_HAL_Driver/Src/stm32f1xx_hal_i2c.o
 .debug_aranges
                0x000008f8       0x90 ./Drivers/STM32F1xx_HAL_Driver/Src/stm32f1xx_hal_rcc.o
 .debug_aranges
                0x00000988       0x30 ./Drivers/STM32F1xx_HAL_Driver/Src/stm32f1xx_hal_rcc_ex.o
 .debug_aranges
                0x000009b8      0x3d0 ./Drivers/STM32F1xx_HAL_Driver/Src/stm32f1xx_hal_tim.o
 .debug_aranges
                0x00000d88      0x168 ./Drivers/STM32F1xx_HAL_Driver/Src/stm32f1xx_hal_tim_ex.o
 .debug_aranges
                0x00000ef0      0x208 ./Drivers/STM32F1xx_HAL_Driver/Src/stm32f1xx_hal_uart.o

.debug_rnglists
                0x00000000      0xd75
 .debug_rnglists
                0x00000000       0xa1 ./Core/Src/main.o
 .debug_rnglists
                0x000000a1       0x4d ./Core/Src/stm32f1xx_hal_msp.o
 .debug_rnglists
                0x000000ee       0x5b ./Core/Src/stm32f1xx_it.o
 .debug_rnglists
                0x00000149       0x13 ./Core/Src/sysmem.o
 .debug_rnglists
                0x0000015c       0x1a ./Core/Src/system_stm32f1xx.o
 .debug_rnglists
                0x00000176       0x19 ./Core/Startup/startup_stm32f103c8tx.o
 .debug_rnglists
                0x0000018f       0xa3 ./Drivers/STM32F1xx_HAL_Driver/Src/stm32f1xx_hal.o
 .debug_rnglists
                0x00000232       0xbc ./Drivers/STM32F1xx_HAL_Driver/Src/stm32f1xx_hal_adc.o
 .debug_rnglists
                0x000002ee       0x65 ./Drivers/STM32F1xx_HAL_Driver/Src/stm32f1xx_hal_adc_ex.o
 .debug_rnglists
                0x00000353       0xbb ./Drivers/STM32F1xx_HAL_Driver/Src/stm32f1xx_hal_cortex.o
 .debug_rnglists
                0x0000040e       0x64 ./Drivers/STM32F1xx_HAL_Driver/Src/stm32f1xx_hal_dma.o
 .debug_rnglists
                0x00000472       0x3f ./Drivers/STM32F1xx_HAL_Driver/Src/stm32f1xx_hal_gpio.o
 .debug_rnglists
                0x000004b1      0x23c ./Drivers/STM32F1xx_HAL_Driver/Src/stm32f1xx_hal_i2c.o
 .debug_rnglists
                0x000006ed       0x6c ./Drivers/STM32F1xx_HAL_Driver/Src/stm32f1xx_hal_rcc.o
 .debug_rnglists
                0x00000759       0x21 ./Drivers/STM32F1xx_HAL_Driver/Src/stm32f1xx_hal_rcc_ex.o
 .debug_rnglists
                0x0000077a      0x31a ./Drivers/STM32F1xx_HAL_Driver/Src/stm32f1xx_hal_tim.o
 .debug_rnglists
                0x00000a94      0x125 ./Drivers/STM32F1xx_HAL_Driver/Src/stm32f1xx_hal_tim_ex.o
 .debug_rnglists
                0x00000bb9      0x1bc ./Drivers/STM32F1xx_HAL_Driver/Src/stm32f1xx_hal_uart.o

.debug_macro    0x00000000    0x1812c
 .debug_macro   0x00000000      0x1e7 ./Core/Src/main.o
 .debug_macro   0x000001e7      0xaa8 ./Core/Src/main.o
 .debug_macro   0x00000c8f      0x227 ./Core/Src/main.o
 .debug_macro   0x00000eb6       0x2e ./Core/Src/main.o
 .debug_macro   0x00000ee4       0x22 ./Core/Src/main.o
 .debug_macro   0x00000f06       0x22 ./Core/Src/main.o
 .debug_macro   0x00000f28       0x8e ./Core/Src/main.o
 .debug_macro   0x00000fb6       0x51 ./Core/Src/main.o
 .debug_macro   0x00001007      0x103 ./Core/Src/main.o
 .debug_macro   0x0000110a       0x6a ./Core/Src/main.o
 .debug_macro   0x00001174      0x1df ./Core/Src/main.o
 .debug_macro   0x00001353       0x1c ./Core/Src/main.o
 .debug_macro   0x0000136f       0x22 ./Core/Src/main.o
 .debug_macro   0x00001391       0xbd ./Core/Src/main.o
 .debug_macro   0x0000144e      0xd23 ./Core/Src/main.o
 .debug_macro   0x00002171     0xe09e ./Core/Src/main.o
 .debug_macro   0x0001020f       0x6d ./Core/Src/main.o
 .debug_macro   0x0001027c     0x34a2 ./Core/Src/main.o
 .debug_macro   0x0001371e      0x189 ./Core/Src/main.o
 .debug_macro   0x000138a7       0x5c ./Core/Src/main.o
 .debug_macro   0x00013903      0x5bc ./Core/Src/main.o
 .debug_macro   0x00013ebf      0x289 ./Core/Src/main.o
 .debug_macro   0x00014148      0x1cb ./Core/Src/main.o
 .debug_macro   0x00014313      0x114 ./Core/Src/main.o
 .debug_macro   0x00014427      0x1b2 ./Core/Src/main.o
 .debug_macro   0x000145d9       0x27 ./Core/Src/main.o
 .debug_macro   0x00014600      0x136 ./Core/Src/main.o
 .debug_macro   0x00014736      0x1bc ./Core/Src/main.o
 .debug_macro   0x000148f2       0x34 ./Core/Src/main.o
 .debug_macro   0x00014926       0x3c ./Core/Src/main.o
 .debug_macro   0x00014962       0x57 ./Core/Src/main.o
 .debug_macro   0x000149b9      0x46a ./Core/Src/main.o
 .debug_macro   0x00014e23      0x1b5 ./Core/Src/main.o
 .debug_macro   0x00014fd8       0x87 ./Core/Src/main.o
 .debug_macro   0x0001505f      0x240 ./Core/Src/main.o
 .debug_macro   0x0001529f      0x287 ./Core/Src/main.o
 .debug_macro   0x00015526      0x140 ./Core/Src/main.o
 .debug_macro   0x00015666      0x8ed ./Core/Src/main.o
 .debug_macro   0x00015f53      0x28e ./Core/Src/main.o
 .debug_macro   0x000161e1       0x83 ./Core/Src/main.o
 .debug_macro   0x00016264      0x1cb ./Core/Src/stm32f1xx_hal_msp.o
 .debug_macro   0x0001642f      0x1d5 ./Core/Src/stm32f1xx_it.o
 .debug_macro   0x00016604       0xff ./Core/Src/sysmem.o
 .debug_macro   0x00016703      0x23c ./Core/Src/sysmem.o
 .debug_macro   0x0001693f      0x1c1 ./Core/Src/system_stm32f1xx.o
 .debug_macro   0x00016b00      0x1e5 ./Drivers/STM32F1xx_HAL_Driver/Src/stm32f1xx_hal.o
 .debug_macro   0x00016ce5      0x1de ./Drivers/STM32F1xx_HAL_Driver/Src/stm32f1xx_hal_adc.o
 .debug_macro   0x00016ec3      0x1d3 ./Drivers/STM32F1xx_HAL_Driver/Src/stm32f1xx_hal_adc_ex.o
 .debug_macro   0x00017096      0x1c1 ./Drivers/STM32F1xx_HAL_Driver/Src/stm32f1xx_hal_cortex.o
 .debug_macro   0x00017257      0x1c1 ./Drivers/STM32F1xx_HAL_Driver/Src/stm32f1xx_hal_dma.o
 .debug_macro   0x00017418      0x22c ./Drivers/STM32F1xx_HAL_Driver/Src/stm32f1xx_hal_gpio.o
 .debug_macro   0x00017644      0x20f ./Drivers/STM32F1xx_HAL_Driver/Src/stm32f1xx_hal_i2c.o
 .debug_macro   0x00017853      0x1d3 ./Drivers/STM32F1xx_HAL_Driver/Src/stm32f1xx_hal_rcc.o
 .debug_macro   0x00017a26      0x1c1 ./Drivers/STM32F1xx_HAL_Driver/Src/stm32f1xx_hal_rcc_ex.o
 .debug_macro   0x00017be7      0x1c2 ./Drivers/STM32F1xx_HAL_Driver/Src/stm32f1xx_hal_tim.o
 .debug_macro   0x00017da9      0x1c1 ./Drivers/STM32F1xx_HAL_Driver/Src/stm32f1xx_hal_tim_ex.o
 .debug_macro   0x00017f6a      0x1c2 ./Drivers/STM32F1xx_HAL_Driver/Src/stm32f1xx_hal_uart.o

.debug_line     0x00000000    0x144f6
 .debug_line    0x00000000      0xe6e ./Core/Src/main.o
 .debug_line    0x00000e6e      0x8d8 ./Core/Src/stm32f1xx_hal_msp.o
 .debug_line    0x00001746      0x867 ./Core/Src/stm32f1xx_it.o
 .debug_line    0x00001fad      0x579 ./Core/Src/sysmem.o
 .debug_line    0x00002526      0x7c3 ./Core/Src/system_stm32f1xx.o
 .debug_line    0x00002ce9       0x78 ./Core/Startup/startup_stm32f103c8tx.o
 .debug_line    0x00002d61      0x9f0 ./Drivers/STM32F1xx_HAL_Driver/Src/stm32f1xx_hal.o
 .debug_line    0x00003751     0x106d ./Drivers/STM32F1xx_HAL_Driver/Src/stm32f1xx_hal_adc.o
 .debug_line    0x000047be      0xda7 ./Drivers/STM32F1xx_HAL_Driver/Src/stm32f1xx_hal_adc_ex.o
 .debug_line    0x00005565      0xbdc ./Drivers/STM32F1xx_HAL_Driver/Src/stm32f1xx_hal_cortex.o
 .debug_line    0x00006141      0xe49 ./Drivers/STM32F1xx_HAL_Driver/Src/stm32f1xx_hal_dma.o
 .debug_line    0x00006f8a      0xa89 ./Drivers/STM32F1xx_HAL_Driver/Src/stm32f1xx_hal_gpio.o
 .debug_line    0x00007a13     0x3c8d ./Drivers/STM32F1xx_HAL_Driver/Src/stm32f1xx_hal_i2c.o
 .debug_line    0x0000b6a0      0xdf9 ./Drivers/STM32F1xx_HAL_Driver/Src/stm32f1xx_hal_rcc.o
 .debug_line    0x0000c499      0x93a ./Drivers/STM32F1xx_HAL_Driver/Src/stm32f1xx_hal_rcc_ex.o
 .debug_line    0x0000cdd3     0x3515 ./Drivers/STM32F1xx_HAL_Driver/Src/stm32f1xx_hal_tim.o
 .debug_line    0x000102e8     0x193f ./Drivers/STM32F1xx_HAL_Driver/Src/stm32f1xx_hal_tim_ex.o
 .debug_line    0x00011c27     0x28cf ./Drivers/STM32F1xx_HAL_Driver/Src/stm32f1xx_hal_uart.o

.debug_str      0x00000000    0x908ef
 .debug_str     0x00000000    0x8af31 ./Core/Src/main.o
                              0x8b4ae (size before relaxing)
 .debug_str     0x0008af31      0x131 ./Core/Src/stm32f1xx_hal_msp.o
                              0x8a89d (size before relaxing)
 .debug_str     0x0008b062      0x14e ./Core/Src/stm32f1xx_it.o
                              0x8a533 (size before relaxing)
 .debug_str     0x0008b1b0     0x202f ./Core/Src/sysmem.o
                               0x6083 (size before relaxing)
 .debug_str     0x0008d1df       0x7e ./Core/Src/system_stm32f1xx.o
                              0x89a10 (size before relaxing)
 .debug_str     0x0008d25d       0x44 ./Core/Startup/startup_stm32f103c8tx.o
                                 0x8e (size before relaxing)
 .debug_str     0x0008d2a1      0x38e ./Drivers/STM32F1xx_HAL_Driver/Src/stm32f1xx_hal.o
                              0x8a143 (size before relaxing)
 .debug_str     0x0008d62f      0x340 ./Drivers/STM32F1xx_HAL_Driver/Src/stm32f1xx_hal_adc.o
                              0x8a0f4 (size before relaxing)
 .debug_str     0x0008d96f      0x2bc ./Drivers/STM32F1xx_HAL_Driver/Src/stm32f1xx_hal_adc_ex.o
                              0x8a0c4 (size before relaxing)
 .debug_str     0x0008dc2b      0x294 ./Drivers/STM32F1xx_HAL_Driver/Src/stm32f1xx_hal_cortex.o
                              0x8a08f (size before relaxing)
 .debug_str     0x0008debf      0x216 ./Drivers/STM32F1xx_HAL_Driver/Src/stm32f1xx_hal_dma.o
                              0x89db9 (size before relaxing)
 .debug_str     0x0008e0d5      0x2e1 ./Drivers/STM32F1xx_HAL_Driver/Src/stm32f1xx_hal_gpio.o
                              0x89d96 (size before relaxing)
 .debug_str     0x0008e3b6      0xb58 ./Drivers/STM32F1xx_HAL_Driver/Src/stm32f1xx_hal_i2c.o
                              0x8aad7 (size before relaxing)
 .debug_str     0x0008ef0e      0x209 ./Drivers/STM32F1xx_HAL_Driver/Src/stm32f1xx_hal_rcc.o
                              0x89e3f (size before relaxing)
 .debug_str     0x0008f117       0x84 ./Drivers/STM32F1xx_HAL_Driver/Src/stm32f1xx_hal_rcc_ex.o
                              0x89b8f (size before relaxing)
 .debug_str     0x0008f19b      0xcfa ./Drivers/STM32F1xx_HAL_Driver/Src/stm32f1xx_hal_tim.o
                              0x8ae41 (size before relaxing)
 .debug_str     0x0008fe95      0x493 ./Drivers/STM32F1xx_HAL_Driver/Src/stm32f1xx_hal_tim_ex.o
                              0x8a64d (size before relaxing)
 .debug_str     0x00090328      0x5c7 ./Drivers/STM32F1xx_HAL_Driver/Src/stm32f1xx_hal_uart.o
                              0x8a4b0 (size before relaxing)

.comment        0x00000000       0x43
 .comment       0x00000000       0x43 ./Core/Src/main.o
                                 0x44 (size before relaxing)
 .comment       0x00000043       0x44 ./Core/Src/stm32f1xx_hal_msp.o
 .comment       0x00000043       0x44 ./Core/Src/stm32f1xx_it.o
 .comment       0x00000043       0x44 ./Core/Src/sysmem.o
 .comment       0x00000043       0x44 ./Core/Src/system_stm32f1xx.o
 .comment       0x00000043       0x44 ./Drivers/STM32F1xx_HAL_Driver/Src/stm32f1xx_hal.o
 .comment       0x00000043       0x44 ./Drivers/STM32F1xx_HAL_Driver/Src/stm32f1xx_hal_adc.o
 .comment       0x00000043       0x44 ./Drivers/STM32F1xx_HAL_Driver/Src/stm32f1xx_hal_adc_ex.o
 .comment       0x00000043       0x44 ./Drivers/STM32F1xx_HAL_Driver/Src/stm32f1xx_hal_cortex.o
 .comment       0x00000043       0x44 ./Drivers/STM32F1xx_HAL_Driver/Src/stm32f1xx_hal_dma.o
 .comment       0x00000043       0x44 ./Drivers/STM32F1xx_HAL_Driver/Src/stm32f1xx_hal_gpio.o
 .comment       0x00000043       0x44 ./Drivers/STM32F1xx_HAL_Driver/Src/stm32f1xx_hal_i2c.o
 .comment       0x00000043       0x44 ./Drivers/STM32F1xx_HAL_Driver/Src/stm32f1xx_hal_rcc.o
 .comment       0x00000043       0x44 ./Drivers/STM32F1xx_HAL_Driver/Src/stm32f1xx_hal_rcc_ex.o
 .comment       0x00000043       0x44 ./Drivers/STM32F1xx_HAL_Driver/Src/stm32f1xx_hal_tim.o