../Core/Src/main.c:190:6:HAL_TIM_PeriodElapsedCallback	16	static
../Core/Src/main.c:194:6:HAL_I2C_MemRxCpltCallback	16	static
../Core/Src/main.c:203:6:HAL_UART_TxCpltCallback	16	static
../Core/Src/main.c:208:6:HAL_ADC_ConvCpltCallback	16	static
../Core/Src/main.c:215:6:get_accel_cmd	8	static
../Core/Src/main.c:224:8:lpf_current	40	static
../Core/Src/main.c:230:8:lpf_speed	40	static
../Core/Src/main.c:237:6:dt_update	4	static
../Core/Src/main.c:243:6:encoder_dt_update	4	static
../Core/Src/main.c:250:6:encoder_read	24	static
../Core/Src/main.c:278:6:spwm	40	static
../Core/Src/main.c:295:6:torque	24	static
../Core/Src/main.c:310:6:motor_pid	48	static
../Core/Src/main.c:373:5:main	120	static
../Core/Src/main.c:476:6:SystemClock_Config	88	static
../Core/Src/main.c:523:13:MX_ADC1_Init	24	static
../Core/Src/main.c:570:13:MX_I2C1_Init	8	static
../Core/Src/main.c:604:13:MX_TIM1_Init	32	static
../Core/Src/main.c:650:13:MX_TIM2_Init	64	static
../Core/Src/main.c:717:13:MX_TIM3_Init	32	static
../Core/Src/main.c:762:13:MX_USART1_UART_Init	8	static
../Core/Src/main.c:795:13:MX_GPIO_Init	40	static
../Core/Src/main.c:831:6:Error_Handler	4	static,ignoring_inline_asm
