../Core/Src/main.c:191:6:HAL_TIM_PeriodElapsedCallback	16	static
../Core/Src/main.c:195:6:HAL_I2C_MemRxCpltCallback	16	static
../Core/Src/main.c:204:6:HAL_UART_TxCpltCallback	16	static
../Core/Src/main.c:209:6:HAL_ADC_ConvCpltCallback	16	static
../Core/Src/main.c:216:6:get_accel_cmd	8	static
../Core/Src/main.c:225:8:lpf_current	40	static
../Core/Src/main.c:231:8:lpf_speed	40	static
../Core/Src/main.c:238:6:dt_update	4	static
../Core/Src/main.c:244:6:encoder_dt_update	4	static
../Core/Src/main.c:251:6:encoder_read	24	static
../Core/Src/main.c:280:6:spwm	40	static
../Core/Src/main.c:297:6:torque	24	static
../Core/Src/main.c:312:6:motor_pid	72	static
../Core/Src/main.c:367:5:main	136	static
../Core/Src/main.c:471:6:SystemClock_Config	88	static
../Core/Src/main.c:518:13:MX_ADC1_Init	24	static
../Core/Src/main.c:565:13:MX_I2C1_Init	8	static
../Core/Src/main.c:599:13:MX_TIM1_Init	32	static
../Core/Src/main.c:645:13:MX_TIM2_Init	64	static
../Core/Src/main.c:712:13:MX_TIM3_Init	32	static
../Core/Src/main.c:757:13:MX_USART1_UART_Init	8	static
../Core/Src/main.c:790:13:MX_GPIO_Init	40	static
../Core/Src/main.c:826:6:Error_Handler	4	static,ignoring_inline_asm
