../Core/Src/main.c:190:6:HAL_TIM_PeriodElapsedCallback	16	static
../Core/Src/main.c:194:6:HAL_I2C_MemRxCpltCallback	16	static
../Core/Src/main.c:203:6:HAL_UART_TxCpltCallback	16	static
../Core/Src/main.c:208:6:HAL_ADC_ConvCpltCallback	16	static
../Core/Src/main.c:215:6:get_accel_cmd	8	static
../Core/Src/main.c:224:8:lpf_current	40	static
../Core/Src/main.c:230:8:lpf_speed	40	static
../Core/Src/main.c:237:6:dt_update	4	static
../Core/Src/main.c:243:6:encoder_dt_update	4	static
../Core/Src/main.c:250:6:encoder_read	24	static
../Core/Src/main.c:278:6:spwm	40	static
../Core/Src/main.c:295:6:torque	24	static
../Core/Src/main.c:310:6:motor_pid	72	static
../Core/Src/main.c:367:5:main	136	static
../Core/Src/main.c:487:6:SystemClock_Config	88	static
../Core/Src/main.c:534:13:MX_ADC1_Init	24	static
../Core/Src/main.c:581:13:MX_I2C1_Init	8	static
../Core/Src/main.c:615:13:MX_TIM1_Init	32	static
../Core/Src/main.c:661:13:MX_TIM2_Init	64	static
../Core/Src/main.c:728:13:MX_TIM3_Init	32	static
../Core/Src/main.c:773:13:MX_USART1_UART_Init	8	static
../Core/Src/main.c:806:13:MX_GPIO_Init	40	static
../Core/Src/main.c:842:6:Error_Handler	4	static,ignoring_inline_asm
